2026-07-25 14:58:27,350 - DEBUG - Selenium Manager binary found at: C:\Users\min11\anaconda3\envs\ybigta\Lib\site-packages\selenium\webdriver\common\windows\selenium-manager.exe
2026-07-25 14:58:27,350 - DEBUG - Executing process: C:\Users\min11\anaconda3\envs\ybigta\Lib\site-packages\selenium\webdriver\common\windows\selenium-manager.exe --browser MicrosoftEdge --debug --language-binding python --output json
2026-07-25 14:58:27,399 - DEBUG - msedgedriver not found in PATH
2026-07-25 14:58:27,399 - DEBUG - MicrosoftEdge detected at C:\Program Files (x86)\Microsoft\Edge\Application\msedge.exe
2026-07-25 14:58:27,399 - DEBUG - Detected browser: MicrosoftEdge 150.0.4078.83
2026-07-25 14:58:27,399 - DEBUG - Required driver: msedgedriver 150.0.4078.96
2026-07-25 14:58:27,399 - DEBUG - msedgedriver 150.0.4078.96 already in the cache
2026-07-25 14:58:27,399 - DEBUG - Driver path: C:\Users\min11\.cache\selenium\msedgedriver\win64\150.0.4078.96\msedgedriver.exe
2026-07-25 14:58:27,399 - DEBUG - Browser path: C:\Program Files (x86)\Microsoft\Edge\Application\msedge.exe
2026-07-25 14:58:27,414 - DEBUG - Started executable: `C:\Users\min11\.cache\selenium\msedgedriver\win64\150.0.4078.96\msedgedriver.exe` in a child process with pid: 23316 using 0 to output -3
2026-07-25 14:58:27,446 - DEBUG - POST http://localhost:62672/session {'capabilities': {'firstMatch': [{}], 'alwaysMatch': {'browserName': 'MicrosoftEdge', 'pageLoadStrategy': <PageLoadStrategy.normal: 'normal'>, 'browserVersion': None, 'ms:edgeOptions': {'detach': True, 'excludeSwitches': ['enable-logging'], 'extensions': [], 'binary': 'C:\\Program Files (x86)\\Microsoft\\Edge\\Application\\msedge.exe', 'args': []}}}}
2026-07-25 14:58:27,446 - DEBUG - Starting new HTTP connection (1): localhost:62672
2026-07-25 14:58:28,032 - DEBUG - http://localhost:62672 "POST /session HTTP/1.1" 200 0
2026-07-25 14:58:28,032 - DEBUG - Remote response: status=200 | data={"value":{"capabilities":{"acceptInsecureCerts":false,"browserName":"MicrosoftEdge","browserVersion":"150.0.4078.83","fedcm:accounts":true,"goog:processID":18984,"ms:edgeOptions":{"debuggerAddress":"localhost:62675"},"msedge":{"msedgedriverVersion":"150.0.4078.96 (6af14c9da851bfa18ec7dab69c8a56f455924c3b)","userDataDir":"C:\\Users\\min11\\AppData\\Local\\Temp\\scoped_dir23316_1312542003"},"networkConnectionEnabled":false,"pageLoadStrategy":"normal","platformName":"windows","proxy":{},"setWindowRect":true,"strictFileInteractability":false,"timeouts":{"implicit":0,"pageLoad":300000,"script":30000},"unhandledPromptBehavior":"dismiss and notify","webauthn:extension:credBlob":true,"webauthn:extension:largeBlob":true,"webauthn:extension:minPinLength":true,"webauthn:extension:prf":true,"webauthn:virtualAuthenticators":true},"sessionId":"9f84cee4eeb3709e5e2af3aedd848bd3"}} | headers=HTTPHeaderDict({'Content-Length': '877', 'Content-Type': 'application/json; charset=utf-8', 'cache-control': 'no-cache'})
2026-07-25 14:58:28,032 - DEBUG - Finished Request
2026-07-25 14:58:28,032 - DEBUG - POST http://localhost:62672/session/9f84cee4eeb3709e5e2af3aedd848bd3/url {'url': 'https://www.megabox.co.kr/movie-detail/comment?rpstMovieNo=25104500'}
2026-07-25 14:58:32,210 - DEBUG - http://localhost:62672 "POST /session/9f84cee4eeb3709e5e2af3aedd848bd3/url HTTP/1.1" 200 0
2026-07-25 14:58:32,211 - DEBUG - Remote response: status=200 | data={"value":null} | headers=HTTPHeaderDict({'Content-Length': '14', 'Content-Type': 'application/json; charset=utf-8', 'cache-control': 'no-cache'})
2026-07-25 14:58:32,211 - DEBUG - Finished Request
2026-07-25 14:58:32,211 - DEBUG - POST http://localhost:62672/session/9f84cee4eeb3709e5e2af3aedd848bd3/window/maximize {}
2026-07-25 14:58:32,231 - DEBUG - http://localhost:62672 "POST /session/9f84cee4eeb3709e5e2af3aedd848bd3/window/maximize HTTP/1.1" 200 0
2026-07-25 14:58:32,231 - DEBUG - Remote response: status=200 | data={"value":{"height":768,"width":1296,"x":-7,"y":-7}} | headers=HTTPHeaderDict({'Content-Length': '51', 'Content-Type': 'application/json; charset=utf-8', 'cache-control': 'no-cache'})
2026-07-25 14:58:32,231 - DEBUG - Finished Request
2026-07-25 14:58:32,231 - DEBUG - POST http://localhost:62672/session/9f84cee4eeb3709e5e2af3aedd848bd3/timeouts {'implicit': 2000}
2026-07-25 14:58:32,231 - DEBUG - http://localhost:62672 "POST /session/9f84cee4eeb3709e5e2af3aedd848bd3/timeouts HTTP/1.1" 200 0
2026-07-25 14:58:32,231 - DEBUG - Remote response: status=200 | data={"value":null} | headers=HTTPHeaderDict({'Content-Length': '14', 'Content-Type': 'application/json; charset=utf-8', 'cache-control': 'no-cache'})
2026-07-25 14:58:32,231 - DEBUG - Finished Request
2026-07-25 14:58:32,231 - INFO - 브라우저 실행 및 접속 완료: https://www.megabox.co.kr/movie-detail/comment?rpstMovieNo=25104500
2026-07-25 14:58:32,231 - DEBUG - GET http://localhost:62672/session/9f84cee4eeb3709e5e2af3aedd848bd3/source {}
2026-07-25 14:58:32,254 - DEBUG - http://localhost:62672 "GET /session/9f84cee4eeb3709e5e2af3aedd848bd3/source HTTP/1.1" 200 0
2026-07-25 14:58:32,271 - DEBUG - Finished Request
2026-07-25 14:58:32,374 - INFO - 1페이지 완료 - 누적 리뷰 수: 10
2026-07-25 14:58:32,375 - DEBUG - POST http://localhost:62672/session/9f84cee4eeb3709e5e2af3aedd848bd3/element {'using': 'xpath', 'value': "//a[@pagenum='2']"}
2026-07-25 14:58:32,383 - DEBUG - http://localhost:62672 "POST /session/9f84cee4eeb3709e5e2af3aedd848bd3/element HTTP/1.1" 200 0
2026-07-25 14:58:32,384 - DEBUG - Remote response: status=200 | data={"value":{"element-6066-11e4-a52e-4f735466cecf":"f.E280590DFD96D20980497B8FE2C96466.d.D29B5B34B63AAD77B93A7618C7C7B9FD.e.318"}} | headers=HTTPHeaderDict({'Content-Length': '127', 'Content-Type': 'application/json; charset=utf-8', 'cache-control': 'no-cache'})
2026-07-25 14:58:32,384 - DEBUG - Finished Request
2026-07-25 14:58:32,384 - DEBUG - POST http://localhost:62672/session/9f84cee4eeb3709e5e2af3aedd848bd3/element/f.E280590DFD96D20980497B8FE2C96466.d.D29B5B34B63AAD77B93A7618C7C7B9FD.e.318/click {}
2026-07-25 14:58:32,458 - DEBUG - http://localhost:62672 "POST /session/9f84cee4eeb3709e5e2af3aedd848bd3/element/f.E280590DFD96D20980497B8FE2C96466.d.D29B5B34B63AAD77B93A7618C7C7B9FD.e.318/click HTTP/1.1" 200 0
2026-07-25 14:58:32,458 - DEBUG - Remote response: status=200 | data={"value":null} | headers=HTTPHeaderDict({'Content-Length': '14', 'Content-Type': 'application/json; charset=utf-8', 'cache-control': 'no-cache'})
2026-07-25 14:58:32,458 - DEBUG - Finished Request
2026-07-25 14:58:34,603 - DEBUG - GET http://localhost:62672/session/9f84cee4eeb3709e5e2af3aedd848bd3/source {}
2026-07-25 14:58:34,622 - DEBUG - http://localhost:62672 "GET /session/9f84cee4eeb3709e5e2af3aedd848bd3/source HTTP/1.1" 200 0
2026-07-25 14:58:34,631 - DEBUG - Finished Request
2026-07-25 14:58:34,693 - INFO - 2페이지 완료 - 누적 리뷰 수: 20
2026-07-25 14:58:34,694 - DEBUG - POST http://localhost:62672/session/9f84cee4eeb3709e5e2af3aedd848bd3/element {'using': 'xpath', 'value': "//a[@pagenum='3']"}
2026-07-25 14:58:34,696 - DEBUG - http://localhost:62672 "POST /session/9f84cee4eeb3709e5e2af3aedd848bd3/element HTTP/1.1" 200 0
2026-07-25 14:58:34,696 - DEBUG - Remote response: status=200 | data={"value":{"element-6066-11e4-a52e-4f735466cecf":"f.E280590DFD96D20980497B8FE2C96466.d.D29B5B34B63AAD77B93A7618C7C7B9FD.e.418"}} | headers=HTTPHeaderDict({'Content-Length': '127', 'Content-Type': 'application/json; charset=utf-8', 'cache-control': 'no-cache'})
2026-07-25 14:58:34,696 - DEBUG - Finished Request
2026-07-25 14:58:34,696 - DEBUG - POST http://localhost:62672/session/9f84cee4eeb3709e5e2af3aedd848bd3/element/f.E280590DFD96D20980497B8FE2C96466.d.D29B5B34B63AAD77B93A7618C7C7B9FD.e.418/click {}
2026-07-25 14:58:34,763 - DEBUG - http://localhost:62672 "POST /session/9f84cee4eeb3709e5e2af3aedd848bd3/element/f.E280590DFD96D20980497B8FE2C96466.d.D29B5B34B63AAD77B93A7618C7C7B9FD.e.418/click HTTP/1.1" 200 0
2026-07-25 14:58:34,763 - DEBUG - Remote response: status=200 | data={"value":null} | headers=HTTPHeaderDict({'Content-Length': '14', 'Content-Type': 'application/json; charset=utf-8', 'cache-control': 'no-cache'})
2026-07-25 14:58:34,763 - DEBUG - Finished Request
2026-07-25 14:58:38,540 - DEBUG - GET http://localhost:62672/session/9f84cee4eeb3709e5e2af3aedd848bd3/source {}
2026-07-25 14:58:38,554 - DEBUG - http://localhost:62672 "GET /session/9f84cee4eeb3709e5e2af3aedd848bd3/source HTTP/1.1" 200 0
2026-07-25 14:58:38,560 - DEBUG - Finished Request
2026-07-25 14:58:38,634 - INFO - 3페이지 완료 - 누적 리뷰 수: 30
2026-07-25 14:58:38,634 - DEBUG - POST http://localhost:62672/session/9f84cee4eeb3709e5e2af3aedd848bd3/element {'using': 'xpath', 'value': "//a[@pagenum='4']"}
2026-07-25 14:58:38,647 - DEBUG - http://localhost:62672 "POST /session/9f84cee4eeb3709e5e2af3aedd848bd3/element HTTP/1.1" 200 0
2026-07-25 14:58:38,647 - DEBUG - Remote response: status=200 | data={"value":{"element-6066-11e4-a52e-4f735466cecf":"f.E280590DFD96D20980497B8FE2C96466.d.D29B5B34B63AAD77B93A7618C7C7B9FD.e.451"}} | headers=HTTPHeaderDict({'Content-Length': '127', 'Content-Type': 'application/json; charset=utf-8', 'cache-control': 'no-cache'})
2026-07-25 14:58:38,647 - DEBUG - Finished Request
2026-07-25 14:58:38,647 - DEBUG - POST http://localhost:62672/session/9f84cee4eeb3709e5e2af3aedd848bd3/element/f.E280590DFD96D20980497B8FE2C96466.d.D29B5B34B63AAD77B93A7618C7C7B9FD.e.451/click {}
2026-07-25 14:58:38,694 - DEBUG - http://localhost:62672 "POST /session/9f84cee4eeb3709e5e2af3aedd848bd3/element/f.E280590DFD96D20980497B8FE2C96466.d.D29B5B34B63AAD77B93A7618C7C7B9FD.e.451/click HTTP/1.1" 200 0
2026-07-25 14:58:38,694 - DEBUG - Remote response: status=200 | data={"value":null} | headers=HTTPHeaderDict({'Content-Length': '14', 'Content-Type': 'application/json; charset=utf-8', 'cache-control': 'no-cache'})
2026-07-25 14:58:38,694 - DEBUG - Finished Request
2026-07-25 14:58:42,405 - DEBUG - GET http://localhost:62672/session/9f84cee4eeb3709e5e2af3aedd848bd3/source {}
2026-07-25 14:58:42,421 - DEBUG - http://localhost:62672 "GET /session/9f84cee4eeb3709e5e2af3aedd848bd3/source HTTP/1.1" 200 0
2026-07-25 14:58:42,421 - DEBUG - Finished Request
2026-07-25 14:58:42,491 - INFO - 4페이지 완료 - 누적 리뷰 수: 40
2026-07-25 14:58:42,491 - DEBUG - POST http://localhost:62672/session/9f84cee4eeb3709e5e2af3aedd848bd3/element {'using': 'xpath', 'value': "//a[@pagenum='5']"}
2026-07-25 14:58:42,491 - DEBUG - http://localhost:62672 "POST /session/9f84cee4eeb3709e5e2af3aedd848bd3/element HTTP/1.1" 200 0
2026-07-25 14:58:42,491 - DEBUG - Remote response: status=200 | data={"value":{"element-6066-11e4-a52e-4f735466cecf":"f.E280590DFD96D20980497B8FE2C96466.d.D29B5B34B63AAD77B93A7618C7C7B9FD.e.485"}} | headers=HTTPHeaderDict({'Content-Length': '127', 'Content-Type': 'application/json; charset=utf-8', 'cache-control': 'no-cache'})
2026-07-25 14:58:42,491 - DEBUG - Finished Request
2026-07-25 14:58:42,491 - DEBUG - POST http://localhost:62672/session/9f84cee4eeb3709e5e2af3aedd848bd3/element/f.E280590DFD96D20980497B8FE2C96466.d.D29B5B34B63AAD77B93A7618C7C7B9FD.e.485/click {}
2026-07-25 14:58:42,544 - DEBUG - http://localhost:62672 "POST /session/9f84cee4eeb3709e5e2af3aedd848bd3/element/f.E280590DFD96D20980497B8FE2C96466.d.D29B5B34B63AAD77B93A7618C7C7B9FD.e.485/click HTTP/1.1" 200 0
2026-07-25 14:58:42,544 - DEBUG - Remote response: status=200 | data={"value":null} | headers=HTTPHeaderDict({'Content-Length': '14', 'Content-Type': 'application/json; charset=utf-8', 'cache-control': 'no-cache'})
2026-07-25 14:58:42,544 - DEBUG - Finished Request
2026-07-25 14:58:44,675 - DEBUG - GET http://localhost:62672/session/9f84cee4eeb3709e5e2af3aedd848bd3/source {}
2026-07-25 14:58:44,693 - DEBUG - http://localhost:62672 "GET /session/9f84cee4eeb3709e5e2af3aedd848bd3/source HTTP/1.1" 200 0
2026-07-25 14:58:44,695 - DEBUG - Finished Request
2026-07-25 14:58:44,807 - INFO - 5페이지 완료 - 누적 리뷰 수: 50
2026-07-25 14:58:44,807 - DEBUG - POST http://localhost:62672/session/9f84cee4eeb3709e5e2af3aedd848bd3/element {'using': 'xpath', 'value': "//a[@pagenum='6']"}
2026-07-25 14:58:44,816 - DEBUG - http://localhost:62672 "POST /session/9f84cee4eeb3709e5e2af3aedd848bd3/element HTTP/1.1" 200 0
2026-07-25 14:58:44,816 - DEBUG - Remote response: status=200 | data={"value":{"element-6066-11e4-a52e-4f735466cecf":"f.E280590DFD96D20980497B8FE2C96466.d.D29B5B34B63AAD77B93A7618C7C7B9FD.e.519"}} | headers=HTTPHeaderDict({'Content-Length': '127', 'Content-Type': 'application/json; charset=utf-8', 'cache-control': 'no-cache'})
2026-07-25 14:58:44,817 - DEBUG - Finished Request
2026-07-25 14:58:44,817 - DEBUG - POST http://localhost:62672/session/9f84cee4eeb3709e5e2af3aedd848bd3/element/f.E280590DFD96D20980497B8FE2C96466.d.D29B5B34B63AAD77B93A7618C7C7B9FD.e.519/click {}
2026-07-25 14:58:44,855 - DEBUG - http://localhost:62672 "POST /session/9f84cee4eeb3709e5e2af3aedd848bd3/element/f.E280590DFD96D20980497B8FE2C96466.d.D29B5B34B63AAD77B93A7618C7C7B9FD.e.519/click HTTP/1.1" 200 0
2026-07-25 14:58:44,855 - DEBUG - Remote response: status=200 | data={"value":null} | headers=HTTPHeaderDict({'Content-Length': '14', 'Content-Type': 'application/json; charset=utf-8', 'cache-control': 'no-cache'})
2026-07-25 14:58:44,855 - DEBUG - Finished Request
2026-07-25 14:58:46,908 - DEBUG - GET http://localhost:62672/session/9f84cee4eeb3709e5e2af3aedd848bd3/source {}
2026-07-25 14:58:46,914 - DEBUG - http://localhost:62672 "GET /session/9f84cee4eeb3709e5e2af3aedd848bd3/source HTTP/1.1" 200 0
2026-07-25 14:58:46,934 - DEBUG - Finished Request
2026-07-25 14:58:46,990 - INFO - 6페이지 완료 - 누적 리뷰 수: 60
2026-07-25 14:58:46,990 - DEBUG - POST http://localhost:62672/session/9f84cee4eeb3709e5e2af3aedd848bd3/element {'using': 'xpath', 'value': "//a[@pagenum='7']"}
2026-07-25 14:58:46,996 - DEBUG - http://localhost:62672 "POST /session/9f84cee4eeb3709e5e2af3aedd848bd3/element HTTP/1.1" 200 0
2026-07-25 14:58:46,996 - DEBUG - Remote response: status=200 | data={"value":{"element-6066-11e4-a52e-4f735466cecf":"f.E280590DFD96D20980497B8FE2C96466.d.D29B5B34B63AAD77B93A7618C7C7B9FD.e.553"}} | headers=HTTPHeaderDict({'Content-Length': '127', 'Content-Type': 'application/json; charset=utf-8', 'cache-control': 'no-cache'})
2026-07-25 14:58:46,996 - DEBUG - Finished Request
2026-07-25 14:58:46,996 - DEBUG - POST http://localhost:62672/session/9f84cee4eeb3709e5e2af3aedd848bd3/element/f.E280590DFD96D20980497B8FE2C96466.d.D29B5B34B63AAD77B93A7618C7C7B9FD.e.553/click {}
2026-07-25 14:58:47,042 - DEBUG - http://localhost:62672 "POST /session/9f84cee4eeb3709e5e2af3aedd848bd3/element/f.E280590DFD96D20980497B8FE2C96466.d.D29B5B34B63AAD77B93A7618C7C7B9FD.e.553/click HTTP/1.1" 200 0
2026-07-25 14:58:47,042 - DEBUG - Remote response: status=200 | data={"value":null} | headers=HTTPHeaderDict({'Content-Length': '14', 'Content-Type': 'application/json; charset=utf-8', 'cache-control': 'no-cache'})
2026-07-25 14:58:47,042 - DEBUG - Finished Request
2026-07-25 14:58:49,399 - DEBUG - GET http://localhost:62672/session/9f84cee4eeb3709e5e2af3aedd848bd3/source {}
2026-07-25 14:58:49,411 - DEBUG - http://localhost:62672 "GET /session/9f84cee4eeb3709e5e2af3aedd848bd3/source HTTP/1.1" 200 0
2026-07-25 14:58:49,427 - DEBUG - Finished Request
2026-07-25 14:58:49,490 - INFO - 7페이지 완료 - 누적 리뷰 수: 70
2026-07-25 14:58:49,490 - DEBUG - POST http://localhost:62672/session/9f84cee4eeb3709e5e2af3aedd848bd3/element {'using': 'xpath', 'value': "//a[@pagenum='8']"}
2026-07-25 14:58:49,495 - DEBUG - http://localhost:62672 "POST /session/9f84cee4eeb3709e5e2af3aedd848bd3/element HTTP/1.1" 200 0
2026-07-25 14:58:49,495 - DEBUG - Remote response: status=200 | data={"value":{"element-6066-11e4-a52e-4f735466cecf":"f.E280590DFD96D20980497B8FE2C96466.d.D29B5B34B63AAD77B93A7618C7C7B9FD.e.587"}} | headers=HTTPHeaderDict({'Content-Length': '127', 'Content-Type': 'application/json; charset=utf-8', 'cache-control': 'no-cache'})
2026-07-25 14:58:49,495 - DEBUG - Finished Request
2026-07-25 14:58:49,495 - DEBUG - POST http://localhost:62672/session/9f84cee4eeb3709e5e2af3aedd848bd3/element/f.E280590DFD96D20980497B8FE2C96466.d.D29B5B34B63AAD77B93A7618C7C7B9FD.e.587/click {}
2026-07-25 14:58:49,534 - DEBUG - http://localhost:62672 "POST /session/9f84cee4eeb3709e5e2af3aedd848bd3/element/f.E280590DFD96D20980497B8FE2C96466.d.D29B5B34B63AAD77B93A7618C7C7B9FD.e.587/click HTTP/1.1" 200 0
2026-07-25 14:58:49,534 - DEBUG - Remote response: status=200 | data={"value":null} | headers=HTTPHeaderDict({'Content-Length': '14', 'Content-Type': 'application/json; charset=utf-8', 'cache-control': 'no-cache'})
2026-07-25 14:58:49,540 - DEBUG - Finished Request
2026-07-25 14:58:51,832 - DEBUG - GET http://localhost:62672/session/9f84cee4eeb3709e5e2af3aedd848bd3/source {}
2026-07-25 14:58:51,840 - DEBUG - http://localhost:62672 "GET /session/9f84cee4eeb3709e5e2af3aedd848bd3/source HTTP/1.1" 200 0
2026-07-25 14:58:51,856 - DEBUG - Finished Request
2026-07-25 14:58:51,917 - INFO - 8페이지 완료 - 누적 리뷰 수: 80
2026-07-25 14:58:51,917 - DEBUG - POST http://localhost:62672/session/9f84cee4eeb3709e5e2af3aedd848bd3/element {'using': 'xpath', 'value': "//a[@pagenum='9']"}
2026-07-25 14:58:51,931 - DEBUG - http://localhost:62672 "POST /session/9f84cee4eeb3709e5e2af3aedd848bd3/element HTTP/1.1" 200 0
2026-07-25 14:58:51,932 - DEBUG - Remote response: status=200 | data={"value":{"element-6066-11e4-a52e-4f735466cecf":"f.E280590DFD96D20980497B8FE2C96466.d.D29B5B34B63AAD77B93A7618C7C7B9FD.e.621"}} | headers=HTTPHeaderDict({'Content-Length': '127', 'Content-Type': 'application/json; charset=utf-8', 'cache-control': 'no-cache'})
2026-07-25 14:58:51,932 - DEBUG - Finished Request
2026-07-25 14:58:51,932 - DEBUG - POST http://localhost:62672/session/9f84cee4eeb3709e5e2af3aedd848bd3/element/f.E280590DFD96D20980497B8FE2C96466.d.D29B5B34B63AAD77B93A7618C7C7B9FD.e.621/click {}
2026-07-25 14:58:51,970 - DEBUG - http://localhost:62672 "POST /session/9f84cee4eeb3709e5e2af3aedd848bd3/element/f.E280590DFD96D20980497B8FE2C96466.d.D29B5B34B63AAD77B93A7618C7C7B9FD.e.621/click HTTP/1.1" 200 0
2026-07-25 14:58:51,970 - DEBUG - Remote response: status=200 | data={"value":null} | headers=HTTPHeaderDict({'Content-Length': '14', 'Content-Type': 'application/json; charset=utf-8', 'cache-control': 'no-cache'})
2026-07-25 14:58:51,970 - DEBUG - Finished Request
2026-07-25 14:58:54,817 - DEBUG - GET http://localhost:62672/session/9f84cee4eeb3709e5e2af3aedd848bd3/source {}
2026-07-25 14:58:54,828 - DEBUG - http://localhost:62672 "GET /session/9f84cee4eeb3709e5e2af3aedd848bd3/source HTTP/1.1" 200 0
2026-07-25 14:58:54,844 - DEBUG - Finished Request
2026-07-25 14:58:54,906 - INFO - 9페이지 완료 - 누적 리뷰 수: 90
2026-07-25 14:58:54,906 - DEBUG - POST http://localhost:62672/session/9f84cee4eeb3709e5e2af3aedd848bd3/element {'using': 'xpath', 'value': "//a[@pagenum='10']"}
2026-07-25 14:58:54,906 - DEBUG - http://localhost:62672 "POST /session/9f84cee4eeb3709e5e2af3aedd848bd3/element HTTP/1.1" 200 0
2026-07-25 14:58:54,906 - DEBUG - Remote response: status=200 | data={"value":{"element-6066-11e4-a52e-4f735466cecf":"f.E280590DFD96D20980497B8FE2C96466.d.D29B5B34B63AAD77B93A7618C7C7B9FD.e.655"}} | headers=HTTPHeaderDict({'Content-Length': '127', 'Content-Type': 'application/json; charset=utf-8', 'cache-control': 'no-cache'})
2026-07-25 14:58:54,906 - DEBUG - Finished Request
2026-07-25 14:58:54,906 - DEBUG - POST http://localhost:62672/session/9f84cee4eeb3709e5e2af3aedd848bd3/element/f.E280590DFD96D20980497B8FE2C96466.d.D29B5B34B63AAD77B93A7618C7C7B9FD.e.655/click {}
2026-07-25 14:58:54,959 - DEBUG - http://localhost:62672 "POST /session/9f84cee4eeb3709e5e2af3aedd848bd3/element/f.E280590DFD96D20980497B8FE2C96466.d.D29B5B34B63AAD77B93A7618C7C7B9FD.e.655/click HTTP/1.1" 200 0
2026-07-25 14:58:54,959 - DEBUG - Remote response: status=200 | data={"value":null} | headers=HTTPHeaderDict({'Content-Length': '14', 'Content-Type': 'application/json; charset=utf-8', 'cache-control': 'no-cache'})
2026-07-25 14:58:54,959 - DEBUG - Finished Request
2026-07-25 14:58:57,730 - DEBUG - GET http://localhost:62672/session/9f84cee4eeb3709e5e2af3aedd848bd3/source {}
2026-07-25 14:58:57,744 - DEBUG - http://localhost:62672 "GET /session/9f84cee4eeb3709e5e2af3aedd848bd3/source HTTP/1.1" 200 0
2026-07-25 14:58:57,758 - DEBUG - Finished Request
2026-07-25 14:58:57,821 - INFO - 10페이지 완료 - 누적 리뷰 수: 100
2026-07-25 14:58:57,821 - DEBUG - POST http://localhost:62672/session/9f84cee4eeb3709e5e2af3aedd848bd3/element {'using': 'xpath', 'value': "//a[@pagenum='11']"}
2026-07-25 14:58:57,844 - DEBUG - http://localhost:62672 "POST /session/9f84cee4eeb3709e5e2af3aedd848bd3/element HTTP/1.1" 200 0
2026-07-25 14:58:57,844 - DEBUG - Remote response: status=200 | data={"value":{"element-6066-11e4-a52e-4f735466cecf":"f.E280590DFD96D20980497B8FE2C96466.d.D29B5B34B63AAD77B93A7618C7C7B9FD.e.687"}} | headers=HTTPHeaderDict({'Content-Length': '127', 'Content-Type': 'application/json; charset=utf-8', 'cache-control': 'no-cache'})
2026-07-25 14:58:57,844 - DEBUG - Finished Request
2026-07-25 14:58:57,844 - DEBUG - POST http://localhost:62672/session/9f84cee4eeb3709e5e2af3aedd848bd3/element/f.E280590DFD96D20980497B8FE2C96466.d.D29B5B34B63AAD77B93A7618C7C7B9FD.e.687/click {}
2026-07-25 14:58:57,885 - DEBUG - http://localhost:62672 "POST /session/9f84cee4eeb3709e5e2af3aedd848bd3/element/f.E280590DFD96D20980497B8FE2C96466.d.D29B5B34B63AAD77B93A7618C7C7B9FD.e.687/click HTTP/1.1" 200 0
2026-07-25 14:58:57,886 - DEBUG - Remote response: status=200 | data={"value":null} | headers=HTTPHeaderDict({'Content-Length': '14', 'Content-Type': 'application/json; charset=utf-8', 'cache-control': 'no-cache'})
2026-07-25 14:58:57,886 - DEBUG - Finished Request
2026-07-25 14:59:00,565 - DEBUG - GET http://localhost:62672/session/9f84cee4eeb3709e5e2af3aedd848bd3/source {}
2026-07-25 14:59:00,574 - DEBUG - http://localhost:62672 "GET /session/9f84cee4eeb3709e5e2af3aedd848bd3/source HTTP/1.1" 200 0
2026-07-25 14:59:00,590 - DEBUG - Finished Request
2026-07-25 14:59:00,654 - INFO - 11페이지 완료 - 누적 리뷰 수: 110
2026-07-25 14:59:00,654 - DEBUG - POST http://localhost:62672/session/9f84cee4eeb3709e5e2af3aedd848bd3/element {'using': 'xpath', 'value': "//a[@pagenum='12']"}
2026-07-25 14:59:00,662 - DEBUG - http://localhost:62672 "POST /session/9f84cee4eeb3709e5e2af3aedd848bd3/element HTTP/1.1" 200 0
2026-07-25 14:59:00,662 - DEBUG - Remote response: status=200 | data={"value":{"element-6066-11e4-a52e-4f735466cecf":"f.E280590DFD96D20980497B8FE2C96466.d.D29B5B34B63AAD77B93A7618C7C7B9FD.e.724"}} | headers=HTTPHeaderDict({'Content-Length': '127', 'Content-Type': 'application/json; charset=utf-8', 'cache-control': 'no-cache'})
2026-07-25 14:59:00,662 - DEBUG - Finished Request
2026-07-25 14:59:00,662 - DEBUG - POST http://localhost:62672/session/9f84cee4eeb3709e5e2af3aedd848bd3/element/f.E280590DFD96D20980497B8FE2C96466.d.D29B5B34B63AAD77B93A7618C7C7B9FD.e.724/click {}
2026-07-25 14:59:00,706 - DEBUG - http://localhost:62672 "POST /session/9f84cee4eeb3709e5e2af3aedd848bd3/element/f.E280590DFD96D20980497B8FE2C96466.d.D29B5B34B63AAD77B93A7618C7C7B9FD.e.724/click HTTP/1.1" 200 0
2026-07-25 14:59:00,706 - DEBUG - Remote response: status=200 | data={"value":null} | headers=HTTPHeaderDict({'Content-Length': '14', 'Content-Type': 'application/json; charset=utf-8', 'cache-control': 'no-cache'})
2026-07-25 14:59:00,706 - DEBUG - Finished Request
2026-07-25 14:59:04,271 - DEBUG - GET http://localhost:62672/session/9f84cee4eeb3709e5e2af3aedd848bd3/source {}
2026-07-25 14:59:04,288 - DEBUG - http://localhost:62672 "GET /session/9f84cee4eeb3709e5e2af3aedd848bd3/source HTTP/1.1" 200 0
2026-07-25 14:59:04,301 - DEBUG - Finished Request
2026-07-25 14:59:04,358 - INFO - 12페이지 완료 - 누적 리뷰 수: 120
2026-07-25 14:59:04,358 - DEBUG - POST http://localhost:62672/session/9f84cee4eeb3709e5e2af3aedd848bd3/element {'using': 'xpath', 'value': "//a[@pagenum='13']"}
2026-07-25 14:59:04,362 - DEBUG - http://localhost:62672 "POST /session/9f84cee4eeb3709e5e2af3aedd848bd3/element HTTP/1.1" 200 0
2026-07-25 14:59:04,362 - DEBUG - Remote response: status=200 | data={"value":{"element-6066-11e4-a52e-4f735466cecf":"f.E280590DFD96D20980497B8FE2C96466.d.D29B5B34B63AAD77B93A7618C7C7B9FD.e.760"}} | headers=HTTPHeaderDict({'Content-Length': '127', 'Content-Type': 'application/json; charset=utf-8', 'cache-control': 'no-cache'})
2026-07-25 14:59:04,362 - DEBUG - Finished Request
2026-07-25 14:59:04,362 - DEBUG - POST http://localhost:62672/session/9f84cee4eeb3709e5e2af3aedd848bd3/element/f.E280590DFD96D20980497B8FE2C96466.d.D29B5B34B63AAD77B93A7618C7C7B9FD.e.760/click {}
2026-07-25 14:59:04,414 - DEBUG - http://localhost:62672 "POST /session/9f84cee4eeb3709e5e2af3aedd848bd3/element/f.E280590DFD96D20980497B8FE2C96466.d.D29B5B34B63AAD77B93A7618C7C7B9FD.e.760/click HTTP/1.1" 200 0
2026-07-25 14:59:04,414 - DEBUG - Remote response: status=200 | data={"value":null} | headers=HTTPHeaderDict({'Content-Length': '14', 'Content-Type': 'application/json; charset=utf-8', 'cache-control': 'no-cache'})
2026-07-25 14:59:04,414 - DEBUG - Finished Request
2026-07-25 14:59:06,968 - DEBUG - GET http://localhost:62672/session/9f84cee4eeb3709e5e2af3aedd848bd3/source {}
2026-07-25 14:59:06,986 - DEBUG - http://localhost:62672 "GET /session/9f84cee4eeb3709e5e2af3aedd848bd3/source HTTP/1.1" 200 0
2026-07-25 14:59:06,996 - DEBUG - Finished Request
2026-07-25 14:59:07,056 - INFO - 13페이지 완료 - 누적 리뷰 수: 130
2026-07-25 14:59:07,056 - DEBUG - POST http://localhost:62672/session/9f84cee4eeb3709e5e2af3aedd848bd3/element {'using': 'xpath', 'value': "//a[@pagenum='14']"}
2026-07-25 14:59:07,062 - DEBUG - http://localhost:62672 "POST /session/9f84cee4eeb3709e5e2af3aedd848bd3/element HTTP/1.1" 200 0
2026-07-25 14:59:07,062 - DEBUG - Remote response: status=200 | data={"value":{"element-6066-11e4-a52e-4f735466cecf":"f.E280590DFD96D20980497B8FE2C96466.d.D29B5B34B63AAD77B93A7618C7C7B9FD.e.796"}} | headers=HTTPHeaderDict({'Content-Length': '127', 'Content-Type': 'application/json; charset=utf-8', 'cache-control': 'no-cache'})
2026-07-25 14:59:07,062 - DEBUG - Finished Request
2026-07-25 14:59:07,062 - DEBUG - POST http://localhost:62672/session/9f84cee4eeb3709e5e2af3aedd848bd3/element/f.E280590DFD96D20980497B8FE2C96466.d.D29B5B34B63AAD77B93A7618C7C7B9FD.e.796/click {}
2026-07-25 14:59:07,104 - DEBUG - http://localhost:62672 "POST /session/9f84cee4eeb3709e5e2af3aedd848bd3/element/f.E280590DFD96D20980497B8FE2C96466.d.D29B5B34B63AAD77B93A7618C7C7B9FD.e.796/click HTTP/1.1" 200 0
2026-07-25 14:59:07,104 - DEBUG - Remote response: status=200 | data={"value":null} | headers=HTTPHeaderDict({'Content-Length': '14', 'Content-Type': 'application/json; charset=utf-8', 'cache-control': 'no-cache'})
2026-07-25 14:59:07,104 - DEBUG - Finished Request
2026-07-25 14:59:09,696 - DEBUG - GET http://localhost:62672/session/9f84cee4eeb3709e5e2af3aedd848bd3/source {}
2026-07-25 14:59:09,701 - DEBUG - http://localhost:62672 "GET /session/9f84cee4eeb3709e5e2af3aedd848bd3/source HTTP/1.1" 200 0
2026-07-25 14:59:09,716 - DEBUG - Finished Request
2026-07-25 14:59:09,779 - INFO - 14페이지 완료 - 누적 리뷰 수: 140
2026-07-25 14:59:09,779 - DEBUG - POST http://localhost:62672/session/9f84cee4eeb3709e5e2af3aedd848bd3/element {'using': 'xpath', 'value': "//a[@pagenum='15']"}
2026-07-25 14:59:09,790 - DEBUG - http://localhost:62672 "POST /session/9f84cee4eeb3709e5e2af3aedd848bd3/element HTTP/1.1" 200 0
2026-07-25 14:59:09,790 - DEBUG - Remote response: status=200 | data={"value":{"element-6066-11e4-a52e-4f735466cecf":"f.E280590DFD96D20980497B8FE2C96466.d.D29B5B34B63AAD77B93A7618C7C7B9FD.e.832"}} | headers=HTTPHeaderDict({'Content-Length': '127', 'Content-Type': 'application/json; charset=utf-8', 'cache-control': 'no-cache'})
2026-07-25 14:59:09,790 - DEBUG - Finished Request
2026-07-25 14:59:09,790 - DEBUG - POST http://localhost:62672/session/9f84cee4eeb3709e5e2af3aedd848bd3/element/f.E280590DFD96D20980497B8FE2C96466.d.D29B5B34B63AAD77B93A7618C7C7B9FD.e.832/click {}
2026-07-25 14:59:09,836 - DEBUG - http://localhost:62672 "POST /session/9f84cee4eeb3709e5e2af3aedd848bd3/element/f.E280590DFD96D20980497B8FE2C96466.d.D29B5B34B63AAD77B93A7618C7C7B9FD.e.832/click HTTP/1.1" 200 0
2026-07-25 14:59:09,836 - DEBUG - Remote response: status=200 | data={"value":null} | headers=HTTPHeaderDict({'Content-Length': '14', 'Content-Type': 'application/json; charset=utf-8', 'cache-control': 'no-cache'})
2026-07-25 14:59:09,836 - DEBUG - Finished Request
2026-07-25 14:59:11,914 - DEBUG - GET http://localhost:62672/session/9f84cee4eeb3709e5e2af3aedd848bd3/source {}
2026-07-25 14:59:11,921 - DEBUG - http://localhost:62672 "GET /session/9f84cee4eeb3709e5e2af3aedd848bd3/source HTTP/1.1" 200 0
2026-07-25 14:59:11,937 - DEBUG - Finished Request
2026-07-25 14:59:12,073 - INFO - 15페이지 완료 - 누적 리뷰 수: 150
2026-07-25 14:59:12,073 - DEBUG - POST http://localhost:62672/session/9f84cee4eeb3709e5e2af3aedd848bd3/element {'using': 'xpath', 'value': "//a[@pagenum='16']"}
2026-07-25 14:59:12,089 - DEBUG - http://localhost:62672 "POST /session/9f84cee4eeb3709e5e2af3aedd848bd3/element HTTP/1.1" 200 0
2026-07-25 14:59:12,089 - DEBUG - Remote response: status=200 | data={"value":{"element-6066-11e4-a52e-4f735466cecf":"f.E280590DFD96D20980497B8FE2C96466.d.D29B5B34B63AAD77B93A7618C7C7B9FD.e.868"}} | headers=HTTPHeaderDict({'Content-Length': '127', 'Content-Type': 'application/json; charset=utf-8', 'cache-control': 'no-cache'})
2026-07-25 14:59:12,089 - DEBUG - Finished Request
2026-07-25 14:59:12,089 - DEBUG - POST http://localhost:62672/session/9f84cee4eeb3709e5e2af3aedd848bd3/element/f.E280590DFD96D20980497B8FE2C96466.d.D29B5B34B63AAD77B93A7618C7C7B9FD.e.868/click {}
2026-07-25 14:59:12,131 - DEBUG - http://localhost:62672 "POST /session/9f84cee4eeb3709e5e2af3aedd848bd3/element/f.E280590DFD96D20980497B8FE2C96466.d.D29B5B34B63AAD77B93A7618C7C7B9FD.e.868/click HTTP/1.1" 200 0
2026-07-25 14:59:12,131 - DEBUG - Remote response: status=200 | data={"value":null} | headers=HTTPHeaderDict({'Content-Length': '14', 'Content-Type': 'application/json; charset=utf-8', 'cache-control': 'no-cache'})
2026-07-25 14:59:12,131 - DEBUG - Finished Request
2026-07-25 14:59:14,464 - DEBUG - GET http://localhost:62672/session/9f84cee4eeb3709e5e2af3aedd848bd3/source {}
2026-07-25 14:59:14,479 - DEBUG - http://localhost:62672 "GET /session/9f84cee4eeb3709e5e2af3aedd848bd3/source HTTP/1.1" 200 0
2026-07-25 14:59:14,488 - DEBUG - Finished Request
2026-07-25 14:59:14,544 - INFO - 16페이지 완료 - 누적 리뷰 수: 160
2026-07-25 14:59:14,544 - DEBUG - POST http://localhost:62672/session/9f84cee4eeb3709e5e2af3aedd848bd3/element {'using': 'xpath', 'value': "//a[@pagenum='17']"}
2026-07-25 14:59:14,558 - DEBUG - http://localhost:62672 "POST /session/9f84cee4eeb3709e5e2af3aedd848bd3/element HTTP/1.1" 200 0
2026-07-25 14:59:14,558 - DEBUG - Remote response: status=200 | data={"value":{"element-6066-11e4-a52e-4f735466cecf":"f.E280590DFD96D20980497B8FE2C96466.d.D29B5B34B63AAD77B93A7618C7C7B9FD.e.904"}} | headers=HTTPHeaderDict({'Content-Length': '127', 'Content-Type': 'application/json; charset=utf-8', 'cache-control': 'no-cache'})
2026-07-25 14:59:14,558 - DEBUG - Finished Request
2026-07-25 14:59:14,559 - DEBUG - POST http://localhost:62672/session/9f84cee4eeb3709e5e2af3aedd848bd3/element/f.E280590DFD96D20980497B8FE2C96466.d.D29B5B34B63AAD77B93A7618C7C7B9FD.e.904/click {}
2026-07-25 14:59:14,595 - DEBUG - http://localhost:62672 "POST /session/9f84cee4eeb3709e5e2af3aedd848bd3/element/f.E280590DFD96D20980497B8FE2C96466.d.D29B5B34B63AAD77B93A7618C7C7B9FD.e.904/click HTTP/1.1" 200 0
2026-07-25 14:59:14,596 - DEBUG - Remote response: status=200 | data={"value":null} | headers=HTTPHeaderDict({'Content-Length': '14', 'Content-Type': 'application/json; charset=utf-8', 'cache-control': 'no-cache'})
2026-07-25 14:59:14,596 - DEBUG - Finished Request
2026-07-25 14:59:18,132 - DEBUG - GET http://localhost:62672/session/9f84cee4eeb3709e5e2af3aedd848bd3/source {}
2026-07-25 14:59:18,138 - DEBUG - http://localhost:62672 "GET /session/9f84cee4eeb3709e5e2af3aedd848bd3/source HTTP/1.1" 200 0
2026-07-25 14:59:18,154 - DEBUG - Finished Request
2026-07-25 14:59:18,230 - INFO - 17페이지 완료 - 누적 리뷰 수: 170
2026-07-25 14:59:18,230 - DEBUG - POST http://localhost:62672/session/9f84cee4eeb3709e5e2af3aedd848bd3/element {'using': 'xpath', 'value': "//a[@pagenum='18']"}
2026-07-25 14:59:18,240 - DEBUG - http://localhost:62672 "POST /session/9f84cee4eeb3709e5e2af3aedd848bd3/element HTTP/1.1" 200 0
2026-07-25 14:59:18,240 - DEBUG - Remote response: status=200 | data={"value":{"element-6066-11e4-a52e-4f735466cecf":"f.E280590DFD96D20980497B8FE2C96466.d.D29B5B34B63AAD77B93A7618C7C7B9FD.e.940"}} | headers=HTTPHeaderDict({'Content-Length': '127', 'Content-Type': 'application/json; charset=utf-8', 'cache-control': 'no-cache'})
2026-07-25 14:59:18,240 - DEBUG - Finished Request
2026-07-25 14:59:18,240 - DEBUG - POST http://localhost:62672/session/9f84cee4eeb3709e5e2af3aedd848bd3/element/f.E280590DFD96D20980497B8FE2C96466.d.D29B5B34B63AAD77B93A7618C7C7B9FD.e.940/click {}
2026-07-25 14:59:18,279 - DEBUG - http://localhost:62672 "POST /session/9f84cee4eeb3709e5e2af3aedd848bd3/element/f.E280590DFD96D20980497B8FE2C96466.d.D29B5B34B63AAD77B93A7618C7C7B9FD.e.940/click HTTP/1.1" 200 0
2026-07-25 14:59:18,279 - DEBUG - Remote response: status=200 | data={"value":null} | headers=HTTPHeaderDict({'Content-Length': '14', 'Content-Type': 'application/json; charset=utf-8', 'cache-control': 'no-cache'})
2026-07-25 14:59:18,280 - DEBUG - Finished Request
2026-07-25 14:59:20,736 - DEBUG - GET http://localhost:62672/session/9f84cee4eeb3709e5e2af3aedd848bd3/source {}
2026-07-25 14:59:20,740 - DEBUG - http://localhost:62672 "GET /session/9f84cee4eeb3709e5e2af3aedd848bd3/source HTTP/1.1" 200 0
2026-07-25 14:59:20,760 - DEBUG - Finished Request
2026-07-25 14:59:20,827 - INFO - 18페이지 완료 - 누적 리뷰 수: 180
2026-07-25 14:59:20,827 - DEBUG - POST http://localhost:62672/session/9f84cee4eeb3709e5e2af3aedd848bd3/element {'using': 'xpath', 'value': "//a[@pagenum='19']"}
2026-07-25 14:59:20,827 - DEBUG - http://localhost:62672 "POST /session/9f84cee4eeb3709e5e2af3aedd848bd3/element HTTP/1.1" 200 0
2026-07-25 14:59:20,827 - DEBUG - Remote response: status=200 | data={"value":{"element-6066-11e4-a52e-4f735466cecf":"f.E280590DFD96D20980497B8FE2C96466.d.D29B5B34B63AAD77B93A7618C7C7B9FD.e.976"}} | headers=HTTPHeaderDict({'Content-Length': '127', 'Content-Type': 'application/json; charset=utf-8', 'cache-control': 'no-cache'})
2026-07-25 14:59:20,827 - DEBUG - Finished Request
2026-07-25 14:59:20,827 - DEBUG - POST http://localhost:62672/session/9f84cee4eeb3709e5e2af3aedd848bd3/element/f.E280590DFD96D20980497B8FE2C96466.d.D29B5B34B63AAD77B93A7618C7C7B9FD.e.976/click {}
2026-07-25 14:59:20,875 - DEBUG - http://localhost:62672 "POST /session/9f84cee4eeb3709e5e2af3aedd848bd3/element/f.E280590DFD96D20980497B8FE2C96466.d.D29B5B34B63AAD77B93A7618C7C7B9FD.e.976/click HTTP/1.1" 200 0
2026-07-25 14:59:20,875 - DEBUG - Remote response: status=200 | data={"value":null} | headers=HTTPHeaderDict({'Content-Length': '14', 'Content-Type': 'application/json; charset=utf-8', 'cache-control': 'no-cache'})
2026-07-25 14:59:20,875 - DEBUG - Finished Request
2026-07-25 14:59:23,506 - DEBUG - GET http://localhost:62672/session/9f84cee4eeb3709e5e2af3aedd848bd3/source {}
2026-07-25 14:59:23,522 - DEBUG - http://localhost:62672 "GET /session/9f84cee4eeb3709e5e2af3aedd848bd3/source HTTP/1.1" 200 0
2026-07-25 14:59:23,529 - DEBUG - Finished Request
2026-07-25 14:59:23,606 - INFO - 19페이지 완료 - 누적 리뷰 수: 190
2026-07-25 14:59:23,606 - DEBUG - POST http://localhost:62672/session/9f84cee4eeb3709e5e2af3aedd848bd3/element {'using': 'xpath', 'value': "//a[@pagenum='20']"}
2026-07-25 14:59:23,606 - DEBUG - http://localhost:62672 "POST /session/9f84cee4eeb3709e5e2af3aedd848bd3/element HTTP/1.1" 200 0
2026-07-25 14:59:23,606 - DEBUG - Remote response: status=200 | data={"value":{"element-6066-11e4-a52e-4f735466cecf":"f.E280590DFD96D20980497B8FE2C96466.d.D29B5B34B63AAD77B93A7618C7C7B9FD.e.1012"}} | headers=HTTPHeaderDict({'Content-Length': '128', 'Content-Type': 'application/json; charset=utf-8', 'cache-control': 'no-cache'})
2026-07-25 14:59:23,606 - DEBUG - Finished Request
2026-07-25 14:59:23,606 - DEBUG - POST http://localhost:62672/session/9f84cee4eeb3709e5e2af3aedd848bd3/element/f.E280590DFD96D20980497B8FE2C96466.d.D29B5B34B63AAD77B93A7618C7C7B9FD.e.1012/click {}
2026-07-25 14:59:23,659 - DEBUG - http://localhost:62672 "POST /session/9f84cee4eeb3709e5e2af3aedd848bd3/element/f.E280590DFD96D20980497B8FE2C96466.d.D29B5B34B63AAD77B93A7618C7C7B9FD.e.1012/click HTTP/1.1" 200 0
2026-07-25 14:59:23,659 - DEBUG - Remote response: status=200 | data={"value":null} | headers=HTTPHeaderDict({'Content-Length': '14', 'Content-Type': 'application/json; charset=utf-8', 'cache-control': 'no-cache'})
2026-07-25 14:59:23,659 - DEBUG - Finished Request
2026-07-25 14:59:27,185 - DEBUG - GET http://localhost:62672/session/9f84cee4eeb3709e5e2af3aedd848bd3/source {}
2026-07-25 14:59:27,194 - DEBUG - http://localhost:62672 "GET /session/9f84cee4eeb3709e5e2af3aedd848bd3/source HTTP/1.1" 200 0
2026-07-25 14:59:27,211 - DEBUG - Finished Request
2026-07-25 14:59:27,275 - INFO - 20페이지 완료 - 누적 리뷰 수: 200
2026-07-25 14:59:27,275 - DEBUG - POST http://localhost:62672/session/9f84cee4eeb3709e5e2af3aedd848bd3/element {'using': 'xpath', 'value': "//a[@pagenum='21']"}
2026-07-25 14:59:27,278 - DEBUG - http://localhost:62672 "POST /session/9f84cee4eeb3709e5e2af3aedd848bd3/element HTTP/1.1" 200 0
2026-07-25 14:59:27,278 - DEBUG - Remote response: status=200 | data={"value":{"element-6066-11e4-a52e-4f735466cecf":"f.E280590DFD96D20980497B8FE2C96466.d.D29B5B34B63AAD77B93A7618C7C7B9FD.e.1046"}} | headers=HTTPHeaderDict({'Content-Length': '128', 'Content-Type': 'application/json; charset=utf-8', 'cache-control': 'no-cache'})
2026-07-25 14:59:27,278 - DEBUG - Finished Request
2026-07-25 14:59:27,278 - DEBUG - POST http://localhost:62672/session/9f84cee4eeb3709e5e2af3aedd848bd3/element/f.E280590DFD96D20980497B8FE2C96466.d.D29B5B34B63AAD77B93A7618C7C7B9FD.e.1046/click {}
2026-07-25 14:59:27,324 - DEBUG - http://localhost:62672 "POST /session/9f84cee4eeb3709e5e2af3aedd848bd3/element/f.E280590DFD96D20980497B8FE2C96466.d.D29B5B34B63AAD77B93A7618C7C7B9FD.e.1046/click HTTP/1.1" 200 0
2026-07-25 14:59:27,324 - DEBUG - Remote response: status=200 | data={"value":null} | headers=HTTPHeaderDict({'Content-Length': '14', 'Content-Type': 'application/json; charset=utf-8', 'cache-control': 'no-cache'})
2026-07-25 14:59:27,324 - DEBUG - Finished Request
2026-07-25 14:59:29,431 - DEBUG - GET http://localhost:62672/session/9f84cee4eeb3709e5e2af3aedd848bd3/source {}
2026-07-25 14:59:29,446 - DEBUG - http://localhost:62672 "GET /session/9f84cee4eeb3709e5e2af3aedd848bd3/source HTTP/1.1" 200 0
2026-07-25 14:59:29,462 - DEBUG - Finished Request
2026-07-25 14:59:29,527 - INFO - 21페이지 완료 - 누적 리뷰 수: 210
2026-07-25 14:59:29,527 - DEBUG - POST http://localhost:62672/session/9f84cee4eeb3709e5e2af3aedd848bd3/element {'using': 'xpath', 'value': "//a[@pagenum='22']"}
2026-07-25 14:59:29,550 - DEBUG - http://localhost:62672 "POST /session/9f84cee4eeb3709e5e2af3aedd848bd3/element HTTP/1.1" 200 0
2026-07-25 14:59:29,550 - DEBUG - Remote response: status=200 | data={"value":{"element-6066-11e4-a52e-4f735466cecf":"f.E280590DFD96D20980497B8FE2C96466.d.D29B5B34B63AAD77B93A7618C7C7B9FD.e.1083"}} | headers=HTTPHeaderDict({'Content-Length': '128', 'Content-Type': 'application/json; charset=utf-8', 'cache-control': 'no-cache'})
2026-07-25 14:59:29,550 - DEBUG - Finished Request
2026-07-25 14:59:29,550 - DEBUG - POST http://localhost:62672/session/9f84cee4eeb3709e5e2af3aedd848bd3/element/f.E280590DFD96D20980497B8FE2C96466.d.D29B5B34B63AAD77B93A7618C7C7B9FD.e.1083/click {}
2026-07-25 14:59:29,592 - DEBUG - http://localhost:62672 "POST /session/9f84cee4eeb3709e5e2af3aedd848bd3/element/f.E280590DFD96D20980497B8FE2C96466.d.D29B5B34B63AAD77B93A7618C7C7B9FD.e.1083/click HTTP/1.1" 200 0
2026-07-25 14:59:29,592 - DEBUG - Remote response: status=200 | data={"value":null} | headers=HTTPHeaderDict({'Content-Length': '14', 'Content-Type': 'application/json; charset=utf-8', 'cache-control': 'no-cache'})
2026-07-25 14:59:29,592 - DEBUG - Finished Request
2026-07-25 14:59:31,706 - DEBUG - GET http://localhost:62672/session/9f84cee4eeb3709e5e2af3aedd848bd3/source {}
2026-07-25 14:59:31,722 - DEBUG - http://localhost:62672 "GET /session/9f84cee4eeb3709e5e2af3aedd848bd3/source HTTP/1.1" 200 0
2026-07-25 14:59:31,738 - DEBUG - Finished Request
2026-07-25 14:59:31,795 - INFO - 22페이지 완료 - 누적 리뷰 수: 220
2026-07-25 14:59:31,795 - DEBUG - POST http://localhost:62672/session/9f84cee4eeb3709e5e2af3aedd848bd3/element {'using': 'xpath', 'value': "//a[@pagenum='23']"}
2026-07-25 14:59:31,809 - DEBUG - http://localhost:62672 "POST /session/9f84cee4eeb3709e5e2af3aedd848bd3/element HTTP/1.1" 200 0
2026-07-25 14:59:31,809 - DEBUG - Remote response: status=200 | data={"value":{"element-6066-11e4-a52e-4f735466cecf":"f.E280590DFD96D20980497B8FE2C96466.d.D29B5B34B63AAD77B93A7618C7C7B9FD.e.1119"}} | headers=HTTPHeaderDict({'Content-Length': '128', 'Content-Type': 'application/json; charset=utf-8', 'cache-control': 'no-cache'})
2026-07-25 14:59:31,809 - DEBUG - Finished Request
2026-07-25 14:59:31,809 - DEBUG - POST http://localhost:62672/session/9f84cee4eeb3709e5e2af3aedd848bd3/element/f.E280590DFD96D20980497B8FE2C96466.d.D29B5B34B63AAD77B93A7618C7C7B9FD.e.1119/click {}
2026-07-25 14:59:31,845 - DEBUG - http://localhost:62672 "POST /session/9f84cee4eeb3709e5e2af3aedd848bd3/element/f.E280590DFD96D20980497B8FE2C96466.d.D29B5B34B63AAD77B93A7618C7C7B9FD.e.1119/click HTTP/1.1" 200 0
2026-07-25 14:59:31,845 - DEBUG - Remote response: status=200 | data={"value":null} | headers=HTTPHeaderDict({'Content-Length': '14', 'Content-Type': 'application/json; charset=utf-8', 'cache-control': 'no-cache'})
2026-07-25 14:59:31,846 - DEBUG - Finished Request
2026-07-25 14:59:34,032 - DEBUG - GET http://localhost:62672/session/9f84cee4eeb3709e5e2af3aedd848bd3/source {}
2026-07-25 14:59:34,046 - DEBUG - http://localhost:62672 "GET /session/9f84cee4eeb3709e5e2af3aedd848bd3/source HTTP/1.1" 200 0
2026-07-25 14:59:34,060 - DEBUG - Finished Request
2026-07-25 14:59:34,131 - INFO - 23페이지 완료 - 누적 리뷰 수: 230
2026-07-25 14:59:34,131 - DEBUG - POST http://localhost:62672/session/9f84cee4eeb3709e5e2af3aedd848bd3/element {'using': 'xpath', 'value': "//a[@pagenum='24']"}
2026-07-25 14:59:34,142 - DEBUG - http://localhost:62672 "POST /session/9f84cee4eeb3709e5e2af3aedd848bd3/element HTTP/1.1" 200 0
2026-07-25 14:59:34,143 - DEBUG - Remote response: status=200 | data={"value":{"element-6066-11e4-a52e-4f735466cecf":"f.E280590DFD96D20980497B8FE2C96466.d.D29B5B34B63AAD77B93A7618C7C7B9FD.e.1155"}} | headers=HTTPHeaderDict({'Content-Length': '128', 'Content-Type': 'application/json; charset=utf-8', 'cache-control': 'no-cache'})
2026-07-25 14:59:34,143 - DEBUG - Finished Request
2026-07-25 14:59:34,143 - DEBUG - POST http://localhost:62672/session/9f84cee4eeb3709e5e2af3aedd848bd3/element/f.E280590DFD96D20980497B8FE2C96466.d.D29B5B34B63AAD77B93A7618C7C7B9FD.e.1155/click {}
2026-07-25 14:59:34,186 - DEBUG - http://localhost:62672 "POST /session/9f84cee4eeb3709e5e2af3aedd848bd3/element/f.E280590DFD96D20980497B8FE2C96466.d.D29B5B34B63AAD77B93A7618C7C7B9FD.e.1155/click HTTP/1.1" 200 0
2026-07-25 14:59:34,186 - DEBUG - Remote response: status=200 | data={"value":null} | headers=HTTPHeaderDict({'Content-Length': '14', 'Content-Type': 'application/json; charset=utf-8', 'cache-control': 'no-cache'})
2026-07-25 14:59:34,186 - DEBUG - Finished Request
2026-07-25 14:59:36,843 - DEBUG - GET http://localhost:62672/session/9f84cee4eeb3709e5e2af3aedd848bd3/source {}
2026-07-25 14:59:36,851 - DEBUG - http://localhost:62672 "GET /session/9f84cee4eeb3709e5e2af3aedd848bd3/source HTTP/1.1" 200 0
2026-07-25 14:59:36,876 - DEBUG - Finished Request
2026-07-25 14:59:36,990 - INFO - 24페이지 완료 - 누적 리뷰 수: 240
2026-07-25 14:59:36,990 - DEBUG - POST http://localhost:62672/session/9f84cee4eeb3709e5e2af3aedd848bd3/element {'using': 'xpath', 'value': "//a[@pagenum='25']"}
2026-07-25 14:59:37,011 - DEBUG - http://localhost:62672 "POST /session/9f84cee4eeb3709e5e2af3aedd848bd3/element HTTP/1.1" 200 0
2026-07-25 14:59:37,011 - DEBUG - Remote response: status=200 | data={"value":{"element-6066-11e4-a52e-4f735466cecf":"f.E280590DFD96D20980497B8FE2C96466.d.D29B5B34B63AAD77B93A7618C7C7B9FD.e.1191"}} | headers=HTTPHeaderDict({'Content-Length': '128', 'Content-Type': 'application/json; charset=utf-8', 'cache-control': 'no-cache'})
2026-07-25 14:59:37,012 - DEBUG - Finished Request
2026-07-25 14:59:37,012 - DEBUG - POST http://localhost:62672/session/9f84cee4eeb3709e5e2af3aedd848bd3/element/f.E280590DFD96D20980497B8FE2C96466.d.D29B5B34B63AAD77B93A7618C7C7B9FD.e.1191/click {}
2026-07-25 14:59:37,049 - DEBUG - http://localhost:62672 "POST /session/9f84cee4eeb3709e5e2af3aedd848bd3/element/f.E280590DFD96D20980497B8FE2C96466.d.D29B5B34B63AAD77B93A7618C7C7B9FD.e.1191/click HTTP/1.1" 200 0
2026-07-25 14:59:37,049 - DEBUG - Remote response: status=200 | data={"value":null} | headers=HTTPHeaderDict({'Content-Length': '14', 'Content-Type': 'application/json; charset=utf-8', 'cache-control': 'no-cache'})
2026-07-25 14:59:37,049 - DEBUG - Finished Request
2026-07-25 14:59:39,210 - DEBUG - GET http://localhost:62672/session/9f84cee4eeb3709e5e2af3aedd848bd3/source {}
2026-07-25 14:59:39,228 - DEBUG - http://localhost:62672 "GET /session/9f84cee4eeb3709e5e2af3aedd848bd3/source HTTP/1.1" 200 0
2026-07-25 14:59:39,228 - DEBUG - Finished Request
2026-07-25 14:59:39,295 - INFO - 25페이지 완료 - 누적 리뷰 수: 250
2026-07-25 14:59:39,295 - DEBUG - POST http://localhost:62672/session/9f84cee4eeb3709e5e2af3aedd848bd3/element {'using': 'xpath', 'value': "//a[@pagenum='26']"}
2026-07-25 14:59:39,310 - DEBUG - http://localhost:62672 "POST /session/9f84cee4eeb3709e5e2af3aedd848bd3/element HTTP/1.1" 200 0
2026-07-25 14:59:39,314 - DEBUG - Remote response: status=200 | data={"value":{"element-6066-11e4-a52e-4f735466cecf":"f.E280590DFD96D20980497B8FE2C96466.d.D29B5B34B63AAD77B93A7618C7C7B9FD.e.1227"}} | headers=HTTPHeaderDict({'Content-Length': '128', 'Content-Type': 'application/json; charset=utf-8', 'cache-control': 'no-cache'})
2026-07-25 14:59:39,314 - DEBUG - Finished Request
2026-07-25 14:59:39,314 - DEBUG - POST http://localhost:62672/session/9f84cee4eeb3709e5e2af3aedd848bd3/element/f.E280590DFD96D20980497B8FE2C96466.d.D29B5B34B63AAD77B93A7618C7C7B9FD.e.1227/click {}
2026-07-25 14:59:39,356 - DEBUG - http://localhost:62672 "POST /session/9f84cee4eeb3709e5e2af3aedd848bd3/element/f.E280590DFD96D20980497B8FE2C96466.d.D29B5B34B63AAD77B93A7618C7C7B9FD.e.1227/click HTTP/1.1" 200 0
2026-07-25 14:59:39,356 - DEBUG - Remote response: status=200 | data={"value":null} | headers=HTTPHeaderDict({'Content-Length': '14', 'Content-Type': 'application/json; charset=utf-8', 'cache-control': 'no-cache'})
2026-07-25 14:59:39,356 - DEBUG - Finished Request
2026-07-25 14:59:41,567 - DEBUG - GET http://localhost:62672/session/9f84cee4eeb3709e5e2af3aedd848bd3/source {}
2026-07-25 14:59:41,583 - DEBUG - http://localhost:62672 "GET /session/9f84cee4eeb3709e5e2af3aedd848bd3/source HTTP/1.1" 200 0
2026-07-25 14:59:41,599 - DEBUG - Finished Request
2026-07-25 14:59:41,665 - INFO - 26페이지 완료 - 누적 리뷰 수: 260
2026-07-25 14:59:41,665 - DEBUG - POST http://localhost:62672/session/9f84cee4eeb3709e5e2af3aedd848bd3/element {'using': 'xpath', 'value': "//a[@pagenum='27']"}
2026-07-25 14:59:41,676 - DEBUG - http://localhost:62672 "POST /session/9f84cee4eeb3709e5e2af3aedd848bd3/element HTTP/1.1" 200 0
2026-07-25 14:59:41,676 - DEBUG - Remote response: status=200 | data={"value":{"element-6066-11e4-a52e-4f735466cecf":"f.E280590DFD96D20980497B8FE2C96466.d.D29B5B34B63AAD77B93A7618C7C7B9FD.e.1263"}} | headers=HTTPHeaderDict({'Content-Length': '128', 'Content-Type': 'application/json; charset=utf-8', 'cache-control': 'no-cache'})
2026-07-25 14:59:41,676 - DEBUG - Finished Request
2026-07-25 14:59:41,676 - DEBUG - POST http://localhost:62672/session/9f84cee4eeb3709e5e2af3aedd848bd3/element/f.E280590DFD96D20980497B8FE2C96466.d.D29B5B34B63AAD77B93A7618C7C7B9FD.e.1263/click {}
2026-07-25 14:59:41,717 - DEBUG - http://localhost:62672 "POST /session/9f84cee4eeb3709e5e2af3aedd848bd3/element/f.E280590DFD96D20980497B8FE2C96466.d.D29B5B34B63AAD77B93A7618C7C7B9FD.e.1263/click HTTP/1.1" 200 0
2026-07-25 14:59:41,717 - DEBUG - Remote response: status=200 | data={"value":null} | headers=HTTPHeaderDict({'Content-Length': '14', 'Content-Type': 'application/json; charset=utf-8', 'cache-control': 'no-cache'})
2026-07-25 14:59:41,717 - DEBUG - Finished Request
2026-07-25 14:59:44,776 - DEBUG - GET http://localhost:62672/session/9f84cee4eeb3709e5e2af3aedd848bd3/source {}
2026-07-25 14:59:44,787 - DEBUG - http://localhost:62672 "GET /session/9f84cee4eeb3709e5e2af3aedd848bd3/source HTTP/1.1" 200 0
2026-07-25 14:59:44,807 - DEBUG - Finished Request
2026-07-25 14:59:44,860 - INFO - 27페이지 완료 - 누적 리뷰 수: 270
2026-07-25 14:59:44,860 - DEBUG - POST http://localhost:62672/session/9f84cee4eeb3709e5e2af3aedd848bd3/element {'using': 'xpath', 'value': "//a[@pagenum='28']"}
2026-07-25 14:59:44,873 - DEBUG - http://localhost:62672 "POST /session/9f84cee4eeb3709e5e2af3aedd848bd3/element HTTP/1.1" 200 0
2026-07-25 14:59:44,873 - DEBUG - Remote response: status=200 | data={"value":{"element-6066-11e4-a52e-4f735466cecf":"f.E280590DFD96D20980497B8FE2C96466.d.D29B5B34B63AAD77B93A7618C7C7B9FD.e.1299"}} | headers=HTTPHeaderDict({'Content-Length': '128', 'Content-Type': 'application/json; charset=utf-8', 'cache-control': 'no-cache'})
2026-07-25 14:59:44,873 - DEBUG - Finished Request
2026-07-25 14:59:44,873 - DEBUG - POST http://localhost:62672/session/9f84cee4eeb3709e5e2af3aedd848bd3/element/f.E280590DFD96D20980497B8FE2C96466.d.D29B5B34B63AAD77B93A7618C7C7B9FD.e.1299/click {}
2026-07-25 14:59:44,911 - DEBUG - http://localhost:62672 "POST /session/9f84cee4eeb3709e5e2af3aedd848bd3/element/f.E280590DFD96D20980497B8FE2C96466.d.D29B5B34B63AAD77B93A7618C7C7B9FD.e.1299/click HTTP/1.1" 200 0
2026-07-25 14:59:44,912 - DEBUG - Remote response: status=200 | data={"value":null} | headers=HTTPHeaderDict({'Content-Length': '14', 'Content-Type': 'application/json; charset=utf-8', 'cache-control': 'no-cache'})
2026-07-25 14:59:44,912 - DEBUG - Finished Request
2026-07-25 14:59:48,225 - DEBUG - GET http://localhost:62672/session/9f84cee4eeb3709e5e2af3aedd848bd3/source {}
2026-07-25 14:59:48,236 - DEBUG - http://localhost:62672 "GET /session/9f84cee4eeb3709e5e2af3aedd848bd3/source HTTP/1.1" 200 0
2026-07-25 14:59:48,257 - DEBUG - Finished Request
2026-07-25 14:59:48,306 - INFO - 28페이지 완료 - 누적 리뷰 수: 280
2026-07-25 14:59:48,306 - DEBUG - POST http://localhost:62672/session/9f84cee4eeb3709e5e2af3aedd848bd3/element {'using': 'xpath', 'value': "//a[@pagenum='29']"}
2026-07-25 14:59:48,317 - DEBUG - http://localhost:62672 "POST /session/9f84cee4eeb3709e5e2af3aedd848bd3/element HTTP/1.1" 200 0
2026-07-25 14:59:48,317 - DEBUG - Remote response: status=200 | data={"value":{"element-6066-11e4-a52e-4f735466cecf":"f.E280590DFD96D20980497B8FE2C96466.d.D29B5B34B63AAD77B93A7618C7C7B9FD.e.1335"}} | headers=HTTPHeaderDict({'Content-Length': '128', 'Content-Type': 'application/json; charset=utf-8', 'cache-control': 'no-cache'})
2026-07-25 14:59:48,317 - DEBUG - Finished Request
2026-07-25 14:59:48,317 - DEBUG - POST http://localhost:62672/session/9f84cee4eeb3709e5e2af3aedd848bd3/element/f.E280590DFD96D20980497B8FE2C96466.d.D29B5B34B63AAD77B93A7618C7C7B9FD.e.1335/click {}
2026-07-25 14:59:48,356 - DEBUG - http://localhost:62672 "POST /session/9f84cee4eeb3709e5e2af3aedd848bd3/element/f.E280590DFD96D20980497B8FE2C96466.d.D29B5B34B63AAD77B93A7618C7C7B9FD.e.1335/click HTTP/1.1" 200 0
2026-07-25 14:59:48,356 - DEBUG - Remote response: status=200 | data={"value":null} | headers=HTTPHeaderDict({'Content-Length': '14', 'Content-Type': 'application/json; charset=utf-8', 'cache-control': 'no-cache'})
2026-07-25 14:59:48,356 - DEBUG - Finished Request
2026-07-25 14:59:50,699 - DEBUG - GET http://localhost:62672/session/9f84cee4eeb3709e5e2af3aedd848bd3/source {}
2026-07-25 14:59:50,711 - DEBUG - http://localhost:62672 "GET /session/9f84cee4eeb3709e5e2af3aedd848bd3/source HTTP/1.1" 200 0
2026-07-25 14:59:50,728 - DEBUG - Finished Request
2026-07-25 14:59:50,788 - INFO - 29페이지 완료 - 누적 리뷰 수: 290
2026-07-25 14:59:50,789 - DEBUG - POST http://localhost:62672/session/9f84cee4eeb3709e5e2af3aedd848bd3/element {'using': 'xpath', 'value': "//a[@pagenum='30']"}
2026-07-25 14:59:50,789 - DEBUG - http://localhost:62672 "POST /session/9f84cee4eeb3709e5e2af3aedd848bd3/element HTTP/1.1" 200 0
2026-07-25 14:59:50,789 - DEBUG - Remote response: status=200 | data={"value":{"element-6066-11e4-a52e-4f735466cecf":"f.E280590DFD96D20980497B8FE2C96466.d.D29B5B34B63AAD77B93A7618C7C7B9FD.e.1372"}} | headers=HTTPHeaderDict({'Content-Length': '128', 'Content-Type': 'application/json; charset=utf-8', 'cache-control': 'no-cache'})
2026-07-25 14:59:50,789 - DEBUG - Finished Request
2026-07-25 14:59:50,789 - DEBUG - POST http://localhost:62672/session/9f84cee4eeb3709e5e2af3aedd848bd3/element/f.E280590DFD96D20980497B8FE2C96466.d.D29B5B34B63AAD77B93A7618C7C7B9FD.e.1372/click {}
2026-07-25 14:59:50,835 - DEBUG - http://localhost:62672 "POST /session/9f84cee4eeb3709e5e2af3aedd848bd3/element/f.E280590DFD96D20980497B8FE2C96466.d.D29B5B34B63AAD77B93A7618C7C7B9FD.e.1372/click HTTP/1.1" 200 0
2026-07-25 14:59:50,835 - DEBUG - Remote response: status=200 | data={"value":null} | headers=HTTPHeaderDict({'Content-Length': '14', 'Content-Type': 'application/json; charset=utf-8', 'cache-control': 'no-cache'})
2026-07-25 14:59:50,835 - DEBUG - Finished Request
2026-07-25 14:59:54,739 - DEBUG - GET http://localhost:62672/session/9f84cee4eeb3709e5e2af3aedd848bd3/source {}
2026-07-25 14:59:54,757 - DEBUG - http://localhost:62672 "GET /session/9f84cee4eeb3709e5e2af3aedd848bd3/source HTTP/1.1" 200 0
2026-07-25 14:59:54,769 - DEBUG - Finished Request
2026-07-25 14:59:54,826 - INFO - 30페이지 완료 - 누적 리뷰 수: 300
2026-07-25 14:59:54,827 - DEBUG - POST http://localhost:62672/session/9f84cee4eeb3709e5e2af3aedd848bd3/element {'using': 'xpath', 'value': "//a[@pagenum='31']"}
2026-07-25 14:59:54,848 - DEBUG - http://localhost:62672 "POST /session/9f84cee4eeb3709e5e2af3aedd848bd3/element HTTP/1.1" 200 0
2026-07-25 14:59:54,848 - DEBUG - Remote response: status=200 | data={"value":{"element-6066-11e4-a52e-4f735466cecf":"f.E280590DFD96D20980497B8FE2C96466.d.D29B5B34B63AAD77B93A7618C7C7B9FD.e.1405"}} | headers=HTTPHeaderDict({'Content-Length': '128', 'Content-Type': 'application/json; charset=utf-8', 'cache-control': 'no-cache'})
2026-07-25 14:59:54,848 - DEBUG - Finished Request
2026-07-25 14:59:54,848 - DEBUG - POST http://localhost:62672/session/9f84cee4eeb3709e5e2af3aedd848bd3/element/f.E280590DFD96D20980497B8FE2C96466.d.D29B5B34B63AAD77B93A7618C7C7B9FD.e.1405/click {}
2026-07-25 14:59:54,891 - DEBUG - http://localhost:62672 "POST /session/9f84cee4eeb3709e5e2af3aedd848bd3/element/f.E280590DFD96D20980497B8FE2C96466.d.D29B5B34B63AAD77B93A7618C7C7B9FD.e.1405/click HTTP/1.1" 200 0
2026-07-25 14:59:54,892 - DEBUG - Remote response: status=200 | data={"value":null} | headers=HTTPHeaderDict({'Content-Length': '14', 'Content-Type': 'application/json; charset=utf-8', 'cache-control': 'no-cache'})
2026-07-25 14:59:54,892 - DEBUG - Finished Request
2026-07-25 14:59:57,283 - DEBUG - GET http://localhost:62672/session/9f84cee4eeb3709e5e2af3aedd848bd3/source {}
2026-07-25 14:59:57,299 - DEBUG - http://localhost:62672 "GET /session/9f84cee4eeb3709e5e2af3aedd848bd3/source HTTP/1.1" 200 0
2026-07-25 14:59:57,308 - DEBUG - Finished Request
2026-07-25 14:59:57,363 - INFO - 31페이지 완료 - 누적 리뷰 수: 310
2026-07-25 14:59:57,371 - DEBUG - POST http://localhost:62672/session/9f84cee4eeb3709e5e2af3aedd848bd3/element {'using': 'xpath', 'value': "//a[@pagenum='32']"}
2026-07-25 14:59:57,376 - DEBUG - http://localhost:62672 "POST /session/9f84cee4eeb3709e5e2af3aedd848bd3/element HTTP/1.1" 200 0
2026-07-25 14:59:57,376 - DEBUG - Remote response: status=200 | data={"value":{"element-6066-11e4-a52e-4f735466cecf":"f.E280590DFD96D20980497B8FE2C96466.d.D29B5B34B63AAD77B93A7618C7C7B9FD.e.1442"}} | headers=HTTPHeaderDict({'Content-Length': '128', 'Content-Type': 'application/json; charset=utf-8', 'cache-control': 'no-cache'})
2026-07-25 14:59:57,376 - DEBUG - Finished Request
2026-07-25 14:59:57,376 - DEBUG - POST http://localhost:62672/session/9f84cee4eeb3709e5e2af3aedd848bd3/element/f.E280590DFD96D20980497B8FE2C96466.d.D29B5B34B63AAD77B93A7618C7C7B9FD.e.1442/click {}
2026-07-25 14:59:57,414 - DEBUG - http://localhost:62672 "POST /session/9f84cee4eeb3709e5e2af3aedd848bd3/element/f.E280590DFD96D20980497B8FE2C96466.d.D29B5B34B63AAD77B93A7618C7C7B9FD.e.1442/click HTTP/1.1" 200 0
2026-07-25 14:59:57,414 - DEBUG - Remote response: status=200 | data={"value":null} | headers=HTTPHeaderDict({'Content-Length': '14', 'Content-Type': 'application/json; charset=utf-8', 'cache-control': 'no-cache'})
2026-07-25 14:59:57,414 - DEBUG - Finished Request
2026-07-25 15:00:00,382 - DEBUG - GET http://localhost:62672/session/9f84cee4eeb3709e5e2af3aedd848bd3/source {}
2026-07-25 15:00:00,398 - DEBUG - http://localhost:62672 "GET /session/9f84cee4eeb3709e5e2af3aedd848bd3/source HTTP/1.1" 200 0
2026-07-25 15:00:00,414 - DEBUG - Finished Request
2026-07-25 15:00:00,478 - INFO - 32페이지 완료 - 누적 리뷰 수: 320
2026-07-25 15:00:00,478 - DEBUG - POST http://localhost:62672/session/9f84cee4eeb3709e5e2af3aedd848bd3/element {'using': 'xpath', 'value': "//a[@pagenum='33']"}
2026-07-25 15:00:00,491 - DEBUG - http://localhost:62672 "POST /session/9f84cee4eeb3709e5e2af3aedd848bd3/element HTTP/1.1" 200 0
2026-07-25 15:00:00,491 - DEBUG - Remote response: status=200 | data={"value":{"element-6066-11e4-a52e-4f735466cecf":"f.E280590DFD96D20980497B8FE2C96466.d.D29B5B34B63AAD77B93A7618C7C7B9FD.e.1478"}} | headers=HTTPHeaderDict({'Content-Length': '128', 'Content-Type': 'application/json; charset=utf-8', 'cache-control': 'no-cache'})
2026-07-25 15:00:00,491 - DEBUG - Finished Request
2026-07-25 15:00:00,491 - DEBUG - POST http://localhost:62672/session/9f84cee4eeb3709e5e2af3aedd848bd3/element/f.E280590DFD96D20980497B8FE2C96466.d.D29B5B34B63AAD77B93A7618C7C7B9FD.e.1478/click {}
2026-07-25 15:00:00,534 - DEBUG - http://localhost:62672 "POST /session/9f84cee4eeb3709e5e2af3aedd848bd3/element/f.E280590DFD96D20980497B8FE2C96466.d.D29B5B34B63AAD77B93A7618C7C7B9FD.e.1478/click HTTP/1.1" 200 0
2026-07-25 15:00:00,534 - DEBUG - Remote response: status=200 | data={"value":null} | headers=HTTPHeaderDict({'Content-Length': '14', 'Content-Type': 'application/json; charset=utf-8', 'cache-control': 'no-cache'})
2026-07-25 15:00:00,535 - DEBUG - Finished Request
2026-07-25 15:00:04,379 - DEBUG - GET http://localhost:62672/session/9f84cee4eeb3709e5e2af3aedd848bd3/source {}
2026-07-25 15:00:04,392 - DEBUG - http://localhost:62672 "GET /session/9f84cee4eeb3709e5e2af3aedd848bd3/source HTTP/1.1" 200 0
2026-07-25 15:00:04,408 - DEBUG - Finished Request
2026-07-25 15:00:04,462 - INFO - 33페이지 완료 - 누적 리뷰 수: 330
2026-07-25 15:00:04,471 - DEBUG - POST http://localhost:62672/session/9f84cee4eeb3709e5e2af3aedd848bd3/element {'using': 'xpath', 'value': "//a[@pagenum='34']"}
2026-07-25 15:00:04,479 - DEBUG - http://localhost:62672 "POST /session/9f84cee4eeb3709e5e2af3aedd848bd3/element HTTP/1.1" 200 0
2026-07-25 15:00:04,479 - DEBUG - Remote response: status=200 | data={"value":{"element-6066-11e4-a52e-4f735466cecf":"f.E280590DFD96D20980497B8FE2C96466.d.D29B5B34B63AAD77B93A7618C7C7B9FD.e.1514"}} | headers=HTTPHeaderDict({'Content-Length': '128', 'Content-Type': 'application/json; charset=utf-8', 'cache-control': 'no-cache'})
2026-07-25 15:00:04,479 - DEBUG - Finished Request
2026-07-25 15:00:04,479 - DEBUG - POST http://localhost:62672/session/9f84cee4eeb3709e5e2af3aedd848bd3/element/f.E280590DFD96D20980497B8FE2C96466.d.D29B5B34B63AAD77B93A7618C7C7B9FD.e.1514/click {}
2026-07-25 15:00:04,522 - DEBUG - http://localhost:62672 "POST /session/9f84cee4eeb3709e5e2af3aedd848bd3/element/f.E280590DFD96D20980497B8FE2C96466.d.D29B5B34B63AAD77B93A7618C7C7B9FD.e.1514/click HTTP/1.1" 200 0
2026-07-25 15:00:04,522 - DEBUG - Remote response: status=200 | data={"value":null} | headers=HTTPHeaderDict({'Content-Length': '14', 'Content-Type': 'application/json; charset=utf-8', 'cache-control': 'no-cache'})
2026-07-25 15:00:04,522 - DEBUG - Finished Request
2026-07-25 15:00:08,188 - DEBUG - GET http://localhost:62672/session/9f84cee4eeb3709e5e2af3aedd848bd3/source {}
2026-07-25 15:00:08,200 - DEBUG - http://localhost:62672 "GET /session/9f84cee4eeb3709e5e2af3aedd848bd3/source HTTP/1.1" 200 0
2026-07-25 15:00:08,216 - DEBUG - Finished Request
2026-07-25 15:00:08,367 - INFO - 34페이지 완료 - 누적 리뷰 수: 340
2026-07-25 15:00:08,368 - DEBUG - POST http://localhost:62672/session/9f84cee4eeb3709e5e2af3aedd848bd3/element {'using': 'xpath', 'value': "//a[@pagenum='35']"}
2026-07-25 15:00:08,372 - DEBUG - http://localhost:62672 "POST /session/9f84cee4eeb3709e5e2af3aedd848bd3/element HTTP/1.1" 200 0
2026-07-25 15:00:08,372 - DEBUG - Remote response: status=200 | data={"value":{"element-6066-11e4-a52e-4f735466cecf":"f.E280590DFD96D20980497B8FE2C96466.d.D29B5B34B63AAD77B93A7618C7C7B9FD.e.1550"}} | headers=HTTPHeaderDict({'Content-Length': '128', 'Content-Type': 'application/json; charset=utf-8', 'cache-control': 'no-cache'})
2026-07-25 15:00:08,372 - DEBUG - Finished Request
2026-07-25 15:00:08,372 - DEBUG - POST http://localhost:62672/session/9f84cee4eeb3709e5e2af3aedd848bd3/element/f.E280590DFD96D20980497B8FE2C96466.d.D29B5B34B63AAD77B93A7618C7C7B9FD.e.1550/click {}
2026-07-25 15:00:08,415 - DEBUG - http://localhost:62672 "POST /session/9f84cee4eeb3709e5e2af3aedd848bd3/element/f.E280590DFD96D20980497B8FE2C96466.d.D29B5B34B63AAD77B93A7618C7C7B9FD.e.1550/click HTTP/1.1" 200 0
2026-07-25 15:00:08,415 - DEBUG - Remote response: status=200 | data={"value":null} | headers=HTTPHeaderDict({'Content-Length': '14', 'Content-Type': 'application/json; charset=utf-8', 'cache-control': 'no-cache'})
2026-07-25 15:00:08,415 - DEBUG - Finished Request
2026-07-25 15:00:10,455 - DEBUG - GET http://localhost:62672/session/9f84cee4eeb3709e5e2af3aedd848bd3/source {}
2026-07-25 15:00:10,469 - DEBUG - http://localhost:62672 "GET /session/9f84cee4eeb3709e5e2af3aedd848bd3/source HTTP/1.1" 200 0
2026-07-25 15:00:10,479 - DEBUG - Finished Request
2026-07-25 15:00:10,538 - INFO - 35페이지 완료 - 누적 리뷰 수: 350
2026-07-25 15:00:10,538 - DEBUG - POST http://localhost:62672/session/9f84cee4eeb3709e5e2af3aedd848bd3/element {'using': 'xpath', 'value': "//a[@pagenum='36']"}
2026-07-25 15:00:10,562 - DEBUG - http://localhost:62672 "POST /session/9f84cee4eeb3709e5e2af3aedd848bd3/element HTTP/1.1" 200 0
2026-07-25 15:00:10,562 - DEBUG - Remote response: status=200 | data={"value":{"element-6066-11e4-a52e-4f735466cecf":"f.E280590DFD96D20980497B8FE2C96466.d.D29B5B34B63AAD77B93A7618C7C7B9FD.e.1586"}} | headers=HTTPHeaderDict({'Content-Length': '128', 'Content-Type': 'application/json; charset=utf-8', 'cache-control': 'no-cache'})
2026-07-25 15:00:10,562 - DEBUG - Finished Request
2026-07-25 15:00:10,562 - DEBUG - POST http://localhost:62672/session/9f84cee4eeb3709e5e2af3aedd848bd3/element/f.E280590DFD96D20980497B8FE2C96466.d.D29B5B34B63AAD77B93A7618C7C7B9FD.e.1586/click {}
2026-07-25 15:00:10,603 - DEBUG - http://localhost:62672 "POST /session/9f84cee4eeb3709e5e2af3aedd848bd3/element/f.E280590DFD96D20980497B8FE2C96466.d.D29B5B34B63AAD77B93A7618C7C7B9FD.e.1586/click HTTP/1.1" 200 0
2026-07-25 15:00:10,603 - DEBUG - Remote response: status=200 | data={"value":null} | headers=HTTPHeaderDict({'Content-Length': '14', 'Content-Type': 'application/json; charset=utf-8', 'cache-control': 'no-cache'})
2026-07-25 15:00:10,603 - DEBUG - Finished Request
2026-07-25 15:00:14,479 - DEBUG - GET http://localhost:62672/session/9f84cee4eeb3709e5e2af3aedd848bd3/source {}
2026-07-25 15:00:14,491 - DEBUG - http://localhost:62672 "GET /session/9f84cee4eeb3709e5e2af3aedd848bd3/source HTTP/1.1" 200 0
2026-07-25 15:00:14,503 - DEBUG - Finished Request
2026-07-25 15:00:14,574 - INFO - 36페이지 완료 - 누적 리뷰 수: 360
2026-07-25 15:00:14,575 - DEBUG - POST http://localhost:62672/session/9f84cee4eeb3709e5e2af3aedd848bd3/element {'using': 'xpath', 'value': "//a[@pagenum='37']"}
2026-07-25 15:00:14,583 - DEBUG - http://localhost:62672 "POST /session/9f84cee4eeb3709e5e2af3aedd848bd3/element HTTP/1.1" 200 0
2026-07-25 15:00:14,583 - DEBUG - Remote response: status=200 | data={"value":{"element-6066-11e4-a52e-4f735466cecf":"f.E280590DFD96D20980497B8FE2C96466.d.D29B5B34B63AAD77B93A7618C7C7B9FD.e.1622"}} | headers=HTTPHeaderDict({'Content-Length': '128', 'Content-Type': 'application/json; charset=utf-8', 'cache-control': 'no-cache'})
2026-07-25 15:00:14,583 - DEBUG - Finished Request
2026-07-25 15:00:14,583 - DEBUG - POST http://localhost:62672/session/9f84cee4eeb3709e5e2af3aedd848bd3/element/f.E280590DFD96D20980497B8FE2C96466.d.D29B5B34B63AAD77B93A7618C7C7B9FD.e.1622/click {}
2026-07-25 15:00:14,624 - DEBUG - http://localhost:62672 "POST /session/9f84cee4eeb3709e5e2af3aedd848bd3/element/f.E280590DFD96D20980497B8FE2C96466.d.D29B5B34B63AAD77B93A7618C7C7B9FD.e.1622/click HTTP/1.1" 200 0
2026-07-25 15:00:14,624 - DEBUG - Remote response: status=200 | data={"value":null} | headers=HTTPHeaderDict({'Content-Length': '14', 'Content-Type': 'application/json; charset=utf-8', 'cache-control': 'no-cache'})
2026-07-25 15:00:14,624 - DEBUG - Finished Request
2026-07-25 15:00:18,475 - DEBUG - GET http://localhost:62672/session/9f84cee4eeb3709e5e2af3aedd848bd3/source {}
2026-07-25 15:00:18,487 - DEBUG - http://localhost:62672 "GET /session/9f84cee4eeb3709e5e2af3aedd848bd3/source HTTP/1.1" 200 0
2026-07-25 15:00:18,509 - DEBUG - Finished Request
2026-07-25 15:00:18,555 - INFO - 37페이지 완료 - 누적 리뷰 수: 370
2026-07-25 15:00:18,555 - DEBUG - POST http://localhost:62672/session/9f84cee4eeb3709e5e2af3aedd848bd3/element {'using': 'xpath', 'value': "//a[@pagenum='38']"}
2026-07-25 15:00:18,571 - DEBUG - http://localhost:62672 "POST /session/9f84cee4eeb3709e5e2af3aedd848bd3/element HTTP/1.1" 200 0
2026-07-25 15:00:18,571 - DEBUG - Remote response: status=200 | data={"value":{"element-6066-11e4-a52e-4f735466cecf":"f.E280590DFD96D20980497B8FE2C96466.d.D29B5B34B63AAD77B93A7618C7C7B9FD.e.1658"}} | headers=HTTPHeaderDict({'Content-Length': '128', 'Content-Type': 'application/json; charset=utf-8', 'cache-control': 'no-cache'})
2026-07-25 15:00:18,571 - DEBUG - Finished Request
2026-07-25 15:00:18,571 - DEBUG - POST http://localhost:62672/session/9f84cee4eeb3709e5e2af3aedd848bd3/element/f.E280590DFD96D20980497B8FE2C96466.d.D29B5B34B63AAD77B93A7618C7C7B9FD.e.1658/click {}
2026-07-25 15:00:18,614 - DEBUG - http://localhost:62672 "POST /session/9f84cee4eeb3709e5e2af3aedd848bd3/element/f.E280590DFD96D20980497B8FE2C96466.d.D29B5B34B63AAD77B93A7618C7C7B9FD.e.1658/click HTTP/1.1" 200 0
2026-07-25 15:00:18,614 - DEBUG - Remote response: status=200 | data={"value":null} | headers=HTTPHeaderDict({'Content-Length': '14', 'Content-Type': 'application/json; charset=utf-8', 'cache-control': 'no-cache'})
2026-07-25 15:00:18,614 - DEBUG - Finished Request
2026-07-25 15:00:22,161 - DEBUG - GET http://localhost:62672/session/9f84cee4eeb3709e5e2af3aedd848bd3/source {}
2026-07-25 15:00:22,177 - DEBUG - http://localhost:62672 "GET /session/9f84cee4eeb3709e5e2af3aedd848bd3/source HTTP/1.1" 200 0
2026-07-25 15:00:22,185 - DEBUG - Finished Request
2026-07-25 15:00:22,245 - INFO - 38페이지 완료 - 누적 리뷰 수: 380
2026-07-25 15:00:22,249 - DEBUG - POST http://localhost:62672/session/9f84cee4eeb3709e5e2af3aedd848bd3/element {'using': 'xpath', 'value': "//a[@pagenum='39']"}
2026-07-25 15:00:22,259 - DEBUG - http://localhost:62672 "POST /session/9f84cee4eeb3709e5e2af3aedd848bd3/element HTTP/1.1" 200 0
2026-07-25 15:00:22,259 - DEBUG - Remote response: status=200 | data={"value":{"element-6066-11e4-a52e-4f735466cecf":"f.E280590DFD96D20980497B8FE2C96466.d.D29B5B34B63AAD77B93A7618C7C7B9FD.e.1694"}} | headers=HTTPHeaderDict({'Content-Length': '128', 'Content-Type': 'application/json; charset=utf-8', 'cache-control': 'no-cache'})
2026-07-25 15:00:22,259 - DEBUG - Finished Request
2026-07-25 15:00:22,259 - DEBUG - POST http://localhost:62672/session/9f84cee4eeb3709e5e2af3aedd848bd3/element/f.E280590DFD96D20980497B8FE2C96466.d.D29B5B34B63AAD77B93A7618C7C7B9FD.e.1694/click {}
2026-07-25 15:00:22,302 - DEBUG - http://localhost:62672 "POST /session/9f84cee4eeb3709e5e2af3aedd848bd3/element/f.E280590DFD96D20980497B8FE2C96466.d.D29B5B34B63AAD77B93A7618C7C7B9FD.e.1694/click HTTP/1.1" 200 0
2026-07-25 15:00:22,302 - DEBUG - Remote response: status=200 | data={"value":null} | headers=HTTPHeaderDict({'Content-Length': '14', 'Content-Type': 'application/json; charset=utf-8', 'cache-control': 'no-cache'})
2026-07-25 15:00:22,302 - DEBUG - Finished Request
2026-07-25 15:00:26,121 - DEBUG - GET http://localhost:62672/session/9f84cee4eeb3709e5e2af3aedd848bd3/source {}
2026-07-25 15:00:26,140 - DEBUG - http://localhost:62672 "GET /session/9f84cee4eeb3709e5e2af3aedd848bd3/source HTTP/1.1" 200 0
2026-07-25 15:00:26,140 - DEBUG - Finished Request
2026-07-25 15:00:26,204 - INFO - 39페이지 완료 - 누적 리뷰 수: 390
2026-07-25 15:00:26,204 - DEBUG - POST http://localhost:62672/session/9f84cee4eeb3709e5e2af3aedd848bd3/element {'using': 'xpath', 'value': "//a[@pagenum='40']"}
2026-07-25 15:00:26,222 - DEBUG - http://localhost:62672 "POST /session/9f84cee4eeb3709e5e2af3aedd848bd3/element HTTP/1.1" 200 0
2026-07-25 15:00:26,222 - DEBUG - Remote response: status=200 | data={"value":{"element-6066-11e4-a52e-4f735466cecf":"f.E280590DFD96D20980497B8FE2C96466.d.D29B5B34B63AAD77B93A7618C7C7B9FD.e.1730"}} | headers=HTTPHeaderDict({'Content-Length': '128', 'Content-Type': 'application/json; charset=utf-8', 'cache-control': 'no-cache'})
2026-07-25 15:00:26,222 - DEBUG - Finished Request
2026-07-25 15:00:26,222 - DEBUG - POST http://localhost:62672/session/9f84cee4eeb3709e5e2af3aedd848bd3/element/f.E280590DFD96D20980497B8FE2C96466.d.D29B5B34B63AAD77B93A7618C7C7B9FD.e.1730/click {}
2026-07-25 15:00:26,261 - DEBUG - http://localhost:62672 "POST /session/9f84cee4eeb3709e5e2af3aedd848bd3/element/f.E280590DFD96D20980497B8FE2C96466.d.D29B5B34B63AAD77B93A7618C7C7B9FD.e.1730/click HTTP/1.1" 200 0
2026-07-25 15:00:26,261 - DEBUG - Remote response: status=200 | data={"value":null} | headers=HTTPHeaderDict({'Content-Length': '14', 'Content-Type': 'application/json; charset=utf-8', 'cache-control': 'no-cache'})
2026-07-25 15:00:26,261 - DEBUG - Finished Request
2026-07-25 15:00:29,164 - DEBUG - GET http://localhost:62672/session/9f84cee4eeb3709e5e2af3aedd848bd3/source {}
2026-07-25 15:00:29,170 - DEBUG - http://localhost:62672 "GET /session/9f84cee4eeb3709e5e2af3aedd848bd3/source HTTP/1.1" 200 0
2026-07-25 15:00:29,186 - DEBUG - Finished Request
2026-07-25 15:00:29,249 - INFO - 40페이지 완료 - 누적 리뷰 수: 400
2026-07-25 15:00:29,254 - DEBUG - POST http://localhost:62672/session/9f84cee4eeb3709e5e2af3aedd848bd3/element {'using': 'xpath', 'value': "//a[@pagenum='41']"}
2026-07-25 15:00:29,260 - DEBUG - http://localhost:62672 "POST /session/9f84cee4eeb3709e5e2af3aedd848bd3/element HTTP/1.1" 200 0
2026-07-25 15:00:29,260 - DEBUG - Remote response: status=200 | data={"value":{"element-6066-11e4-a52e-4f735466cecf":"f.E280590DFD96D20980497B8FE2C96466.d.D29B5B34B63AAD77B93A7618C7C7B9FD.e.1763"}} | headers=HTTPHeaderDict({'Content-Length': '128', 'Content-Type': 'application/json; charset=utf-8', 'cache-control': 'no-cache'})
2026-07-25 15:00:29,260 - DEBUG - Finished Request
2026-07-25 15:00:29,260 - DEBUG - POST http://localhost:62672/session/9f84cee4eeb3709e5e2af3aedd848bd3/element/f.E280590DFD96D20980497B8FE2C96466.d.D29B5B34B63AAD77B93A7618C7C7B9FD.e.1763/click {}
2026-07-25 15:00:29,306 - DEBUG - http://localhost:62672 "POST /session/9f84cee4eeb3709e5e2af3aedd848bd3/element/f.E280590DFD96D20980497B8FE2C96466.d.D29B5B34B63AAD77B93A7618C7C7B9FD.e.1763/click HTTP/1.1" 200 0
2026-07-25 15:00:29,306 - DEBUG - Remote response: status=200 | data={"value":null} | headers=HTTPHeaderDict({'Content-Length': '14', 'Content-Type': 'application/json; charset=utf-8', 'cache-control': 'no-cache'})
2026-07-25 15:00:29,306 - DEBUG - Finished Request
2026-07-25 15:00:32,441 - DEBUG - GET http://localhost:62672/session/9f84cee4eeb3709e5e2af3aedd848bd3/source {}
2026-07-25 15:00:32,452 - DEBUG - http://localhost:62672 "GET /session/9f84cee4eeb3709e5e2af3aedd848bd3/source HTTP/1.1" 200 0
2026-07-25 15:00:32,466 - DEBUG - Finished Request
2026-07-25 15:00:32,522 - INFO - 41페이지 완료 - 누적 리뷰 수: 410
2026-07-25 15:00:32,522 - DEBUG - POST http://localhost:62672/session/9f84cee4eeb3709e5e2af3aedd848bd3/element {'using': 'xpath', 'value': "//a[@pagenum='42']"}
2026-07-25 15:00:32,532 - DEBUG - http://localhost:62672 "POST /session/9f84cee4eeb3709e5e2af3aedd848bd3/element HTTP/1.1" 200 0
2026-07-25 15:00:32,532 - DEBUG - Remote response: status=200 | data={"value":{"element-6066-11e4-a52e-4f735466cecf":"f.E280590DFD96D20980497B8FE2C96466.d.D29B5B34B63AAD77B93A7618C7C7B9FD.e.1801"}} | headers=HTTPHeaderDict({'Content-Length': '128', 'Content-Type': 'application/json; charset=utf-8', 'cache-control': 'no-cache'})
2026-07-25 15:00:32,532 - DEBUG - Finished Request
2026-07-25 15:00:32,532 - DEBUG - POST http://localhost:62672/session/9f84cee4eeb3709e5e2af3aedd848bd3/element/f.E280590DFD96D20980497B8FE2C96466.d.D29B5B34B63AAD77B93A7618C7C7B9FD.e.1801/click {}
2026-07-25 15:00:32,575 - DEBUG - http://localhost:62672 "POST /session/9f84cee4eeb3709e5e2af3aedd848bd3/element/f.E280590DFD96D20980497B8FE2C96466.d.D29B5B34B63AAD77B93A7618C7C7B9FD.e.1801/click HTTP/1.1" 200 0
2026-07-25 15:00:32,575 - DEBUG - Remote response: status=200 | data={"value":null} | headers=HTTPHeaderDict({'Content-Length': '14', 'Content-Type': 'application/json; charset=utf-8', 'cache-control': 'no-cache'})
2026-07-25 15:00:32,575 - DEBUG - Finished Request
2026-07-25 15:00:34,935 - DEBUG - GET http://localhost:62672/session/9f84cee4eeb3709e5e2af3aedd848bd3/source {}
2026-07-25 15:00:34,948 - DEBUG - http://localhost:62672 "GET /session/9f84cee4eeb3709e5e2af3aedd848bd3/source HTTP/1.1" 200 0
2026-07-25 15:00:34,959 - DEBUG - Finished Request
2026-07-25 15:00:35,031 - INFO - 42페이지 완료 - 누적 리뷰 수: 420
2026-07-25 15:00:35,031 - DEBUG - POST http://localhost:62672/session/9f84cee4eeb3709e5e2af3aedd848bd3/element {'using': 'xpath', 'value': "//a[@pagenum='43']"}
2026-07-25 15:00:35,042 - DEBUG - http://localhost:62672 "POST /session/9f84cee4eeb3709e5e2af3aedd848bd3/element HTTP/1.1" 200 0
2026-07-25 15:00:35,043 - DEBUG - Remote response: status=200 | data={"value":{"element-6066-11e4-a52e-4f735466cecf":"f.E280590DFD96D20980497B8FE2C96466.d.D29B5B34B63AAD77B93A7618C7C7B9FD.e.1837"}} | headers=HTTPHeaderDict({'Content-Length': '128', 'Content-Type': 'application/json; charset=utf-8', 'cache-control': 'no-cache'})
2026-07-25 15:00:35,043 - DEBUG - Finished Request
2026-07-25 15:00:35,043 - DEBUG - POST http://localhost:62672/session/9f84cee4eeb3709e5e2af3aedd848bd3/element/f.E280590DFD96D20980497B8FE2C96466.d.D29B5B34B63AAD77B93A7618C7C7B9FD.e.1837/click {}
2026-07-25 15:00:35,082 - DEBUG - http://localhost:62672 "POST /session/9f84cee4eeb3709e5e2af3aedd848bd3/element/f.E280590DFD96D20980497B8FE2C96466.d.D29B5B34B63AAD77B93A7618C7C7B9FD.e.1837/click HTTP/1.1" 200 0
2026-07-25 15:00:35,082 - DEBUG - Remote response: status=200 | data={"value":null} | headers=HTTPHeaderDict({'Content-Length': '14', 'Content-Type': 'application/json; charset=utf-8', 'cache-control': 'no-cache'})
2026-07-25 15:00:35,082 - DEBUG - Finished Request
2026-07-25 15:00:38,071 - DEBUG - GET http://localhost:62672/session/9f84cee4eeb3709e5e2af3aedd848bd3/source {}
2026-07-25 15:00:38,091 - DEBUG - http://localhost:62672 "GET /session/9f84cee4eeb3709e5e2af3aedd848bd3/source HTTP/1.1" 200 0
2026-07-25 15:00:38,091 - DEBUG - Finished Request
2026-07-25 15:00:38,226 - INFO - 43페이지 완료 - 누적 리뷰 수: 430
2026-07-25 15:00:38,227 - DEBUG - POST http://localhost:62672/session/9f84cee4eeb3709e5e2af3aedd848bd3/element {'using': 'xpath', 'value': "//a[@pagenum='44']"}
2026-07-25 15:00:38,236 - DEBUG - http://localhost:62672 "POST /session/9f84cee4eeb3709e5e2af3aedd848bd3/element HTTP/1.1" 200 0
2026-07-25 15:00:38,237 - DEBUG - Remote response: status=200 | data={"value":{"element-6066-11e4-a52e-4f735466cecf":"f.E280590DFD96D20980497B8FE2C96466.d.D29B5B34B63AAD77B93A7618C7C7B9FD.e.1873"}} | headers=HTTPHeaderDict({'Content-Length': '128', 'Content-Type': 'application/json; charset=utf-8', 'cache-control': 'no-cache'})
2026-07-25 15:00:38,237 - DEBUG - Finished Request
2026-07-25 15:00:38,237 - DEBUG - POST http://localhost:62672/session/9f84cee4eeb3709e5e2af3aedd848bd3/element/f.E280590DFD96D20980497B8FE2C96466.d.D29B5B34B63AAD77B93A7618C7C7B9FD.e.1873/click {}
2026-07-25 15:00:38,273 - DEBUG - http://localhost:62672 "POST /session/9f84cee4eeb3709e5e2af3aedd848bd3/element/f.E280590DFD96D20980497B8FE2C96466.d.D29B5B34B63AAD77B93A7618C7C7B9FD.e.1873/click HTTP/1.1" 200 0
2026-07-25 15:00:38,273 - DEBUG - Remote response: status=200 | data={"value":null} | headers=HTTPHeaderDict({'Content-Length': '14', 'Content-Type': 'application/json; charset=utf-8', 'cache-control': 'no-cache'})
2026-07-25 15:00:38,273 - DEBUG - Finished Request
2026-07-25 15:00:41,880 - DEBUG - GET http://localhost:62672/session/9f84cee4eeb3709e5e2af3aedd848bd3/source {}
2026-07-25 15:00:41,893 - DEBUG - http://localhost:62672 "GET /session/9f84cee4eeb3709e5e2af3aedd848bd3/source HTTP/1.1" 200 0
2026-07-25 15:00:41,909 - DEBUG - Finished Request
2026-07-25 15:00:41,972 - INFO - 44페이지 완료 - 누적 리뷰 수: 440
2026-07-25 15:00:41,973 - DEBUG - POST http://localhost:62672/session/9f84cee4eeb3709e5e2af3aedd848bd3/element {'using': 'xpath', 'value': "//a[@pagenum='45']"}
2026-07-25 15:00:41,995 - DEBUG - http://localhost:62672 "POST /session/9f84cee4eeb3709e5e2af3aedd848bd3/element HTTP/1.1" 200 0
2026-07-25 15:00:41,995 - DEBUG - Remote response: status=200 | data={"value":{"element-6066-11e4-a52e-4f735466cecf":"f.E280590DFD96D20980497B8FE2C96466.d.D29B5B34B63AAD77B93A7618C7C7B9FD.e.1909"}} | headers=HTTPHeaderDict({'Content-Length': '128', 'Content-Type': 'application/json; charset=utf-8', 'cache-control': 'no-cache'})
2026-07-25 15:00:41,995 - DEBUG - Finished Request
2026-07-25 15:00:41,995 - DEBUG - POST http://localhost:62672/session/9f84cee4eeb3709e5e2af3aedd848bd3/element/f.E280590DFD96D20980497B8FE2C96466.d.D29B5B34B63AAD77B93A7618C7C7B9FD.e.1909/click {}
2026-07-25 15:00:42,036 - DEBUG - http://localhost:62672 "POST /session/9f84cee4eeb3709e5e2af3aedd848bd3/element/f.E280590DFD96D20980497B8FE2C96466.d.D29B5B34B63AAD77B93A7618C7C7B9FD.e.1909/click HTTP/1.1" 200 0
2026-07-25 15:00:42,036 - DEBUG - Remote response: status=200 | data={"value":null} | headers=HTTPHeaderDict({'Content-Length': '14', 'Content-Type': 'application/json; charset=utf-8', 'cache-control': 'no-cache'})
2026-07-25 15:00:42,036 - DEBUG - Finished Request
2026-07-25 15:00:44,245 - DEBUG - GET http://localhost:62672/session/9f84cee4eeb3709e5e2af3aedd848bd3/source {}
2026-07-25 15:00:44,261 - DEBUG - http://localhost:62672 "GET /session/9f84cee4eeb3709e5e2af3aedd848bd3/source HTTP/1.1" 200 0
2026-07-25 15:00:44,277 - DEBUG - Finished Request
2026-07-25 15:00:44,339 - INFO - 45페이지 완료 - 누적 리뷰 수: 450
2026-07-25 15:00:44,340 - DEBUG - POST http://localhost:62672/session/9f84cee4eeb3709e5e2af3aedd848bd3/element {'using': 'xpath', 'value': "//a[@pagenum='46']"}
2026-07-25 15:00:44,343 - DEBUG - http://localhost:62672 "POST /session/9f84cee4eeb3709e5e2af3aedd848bd3/element HTTP/1.1" 200 0
2026-07-25 15:00:44,343 - DEBUG - Remote response: status=200 | data={"value":{"element-6066-11e4-a52e-4f735466cecf":"f.E280590DFD96D20980497B8FE2C96466.d.D29B5B34B63AAD77B93A7618C7C7B9FD.e.1945"}} | headers=HTTPHeaderDict({'Content-Length': '128', 'Content-Type': 'application/json; charset=utf-8', 'cache-control': 'no-cache'})
2026-07-25 15:00:44,343 - DEBUG - Finished Request
2026-07-25 15:00:44,343 - DEBUG - POST http://localhost:62672/session/9f84cee4eeb3709e5e2af3aedd848bd3/element/f.E280590DFD96D20980497B8FE2C96466.d.D29B5B34B63AAD77B93A7618C7C7B9FD.e.1945/click {}
2026-07-25 15:00:44,387 - DEBUG - http://localhost:62672 "POST /session/9f84cee4eeb3709e5e2af3aedd848bd3/element/f.E280590DFD96D20980497B8FE2C96466.d.D29B5B34B63AAD77B93A7618C7C7B9FD.e.1945/click HTTP/1.1" 200 0
2026-07-25 15:00:44,387 - DEBUG - Remote response: status=200 | data={"value":null} | headers=HTTPHeaderDict({'Content-Length': '14', 'Content-Type': 'application/json; charset=utf-8', 'cache-control': 'no-cache'})
2026-07-25 15:00:44,388 - DEBUG - Finished Request
2026-07-25 15:00:47,927 - DEBUG - GET http://localhost:62672/session/9f84cee4eeb3709e5e2af3aedd848bd3/source {}
2026-07-25 15:00:47,937 - DEBUG - http://localhost:62672 "GET /session/9f84cee4eeb3709e5e2af3aedd848bd3/source HTTP/1.1" 200 0
2026-07-25 15:00:47,957 - DEBUG - Finished Request
2026-07-25 15:00:48,008 - INFO - 46페이지 완료 - 누적 리뷰 수: 460
2026-07-25 15:00:48,008 - DEBUG - POST http://localhost:62672/session/9f84cee4eeb3709e5e2af3aedd848bd3/element {'using': 'xpath', 'value': "//a[@pagenum='47']"}
2026-07-25 15:00:48,021 - DEBUG - http://localhost:62672 "POST /session/9f84cee4eeb3709e5e2af3aedd848bd3/element HTTP/1.1" 200 0
2026-07-25 15:00:48,021 - DEBUG - Remote response: status=200 | data={"value":{"element-6066-11e4-a52e-4f735466cecf":"f.E280590DFD96D20980497B8FE2C96466.d.D29B5B34B63AAD77B93A7618C7C7B9FD.e.1981"}} | headers=HTTPHeaderDict({'Content-Length': '128', 'Content-Type': 'application/json; charset=utf-8', 'cache-control': 'no-cache'})
2026-07-25 15:00:48,021 - DEBUG - Finished Request
2026-07-25 15:00:48,021 - DEBUG - POST http://localhost:62672/session/9f84cee4eeb3709e5e2af3aedd848bd3/element/f.E280590DFD96D20980497B8FE2C96466.d.D29B5B34B63AAD77B93A7618C7C7B9FD.e.1981/click {}
2026-07-25 15:00:48,065 - DEBUG - http://localhost:62672 "POST /session/9f84cee4eeb3709e5e2af3aedd848bd3/element/f.E280590DFD96D20980497B8FE2C96466.d.D29B5B34B63AAD77B93A7618C7C7B9FD.e.1981/click HTTP/1.1" 200 0
2026-07-25 15:00:48,065 - DEBUG - Remote response: status=200 | data={"value":null} | headers=HTTPHeaderDict({'Content-Length': '14', 'Content-Type': 'application/json; charset=utf-8', 'cache-control': 'no-cache'})
2026-07-25 15:00:48,065 - DEBUG - Finished Request
2026-07-25 15:00:52,003 - DEBUG - GET http://localhost:62672/session/9f84cee4eeb3709e5e2af3aedd848bd3/source {}
2026-07-25 15:00:52,018 - DEBUG - http://localhost:62672 "GET /session/9f84cee4eeb3709e5e2af3aedd848bd3/source HTTP/1.1" 200 0
2026-07-25 15:00:52,034 - DEBUG - Finished Request
2026-07-25 15:00:52,089 - INFO - 47페이지 완료 - 누적 리뷰 수: 470
2026-07-25 15:00:52,089 - DEBUG - POST http://localhost:62672/session/9f84cee4eeb3709e5e2af3aedd848bd3/element {'using': 'xpath', 'value': "//a[@pagenum='48']"}
2026-07-25 15:00:52,093 - DEBUG - http://localhost:62672 "POST /session/9f84cee4eeb3709e5e2af3aedd848bd3/element HTTP/1.1" 200 0
2026-07-25 15:00:52,093 - DEBUG - Remote response: status=200 | data={"value":{"element-6066-11e4-a52e-4f735466cecf":"f.E280590DFD96D20980497B8FE2C96466.d.D29B5B34B63AAD77B93A7618C7C7B9FD.e.2017"}} | headers=HTTPHeaderDict({'Content-Length': '128', 'Content-Type': 'application/json; charset=utf-8', 'cache-control': 'no-cache'})
2026-07-25 15:00:52,093 - DEBUG - Finished Request
2026-07-25 15:00:52,093 - DEBUG - POST http://localhost:62672/session/9f84cee4eeb3709e5e2af3aedd848bd3/element/f.E280590DFD96D20980497B8FE2C96466.d.D29B5B34B63AAD77B93A7618C7C7B9FD.e.2017/click {}
2026-07-25 15:00:52,139 - DEBUG - http://localhost:62672 "POST /session/9f84cee4eeb3709e5e2af3aedd848bd3/element/f.E280590DFD96D20980497B8FE2C96466.d.D29B5B34B63AAD77B93A7618C7C7B9FD.e.2017/click HTTP/1.1" 200 0
2026-07-25 15:00:52,139 - DEBUG - Remote response: status=200 | data={"value":null} | headers=HTTPHeaderDict({'Content-Length': '14', 'Content-Type': 'application/json; charset=utf-8', 'cache-control': 'no-cache'})
2026-07-25 15:00:52,139 - DEBUG - Finished Request
2026-07-25 15:00:54,582 - DEBUG - GET http://localhost:62672/session/9f84cee4eeb3709e5e2af3aedd848bd3/source {}
2026-07-25 15:00:54,601 - DEBUG - http://localhost:62672 "GET /session/9f84cee4eeb3709e5e2af3aedd848bd3/source HTTP/1.1" 200 0
2026-07-25 15:00:54,601 - DEBUG - Finished Request
2026-07-25 15:00:54,677 - INFO - 48페이지 완료 - 누적 리뷰 수: 480
2026-07-25 15:00:54,679 - DEBUG - POST http://localhost:62672/session/9f84cee4eeb3709e5e2af3aedd848bd3/element {'using': 'xpath', 'value': "//a[@pagenum='49']"}
2026-07-25 15:00:54,688 - DEBUG - http://localhost:62672 "POST /session/9f84cee4eeb3709e5e2af3aedd848bd3/element HTTP/1.1" 200 0
2026-07-25 15:00:54,688 - DEBUG - Remote response: status=200 | data={"value":{"element-6066-11e4-a52e-4f735466cecf":"f.E280590DFD96D20980497B8FE2C96466.d.D29B5B34B63AAD77B93A7618C7C7B9FD.e.2053"}} | headers=HTTPHeaderDict({'Content-Length': '128', 'Content-Type': 'application/json; charset=utf-8', 'cache-control': 'no-cache'})
2026-07-25 15:00:54,688 - DEBUG - Finished Request
2026-07-25 15:00:54,688 - DEBUG - POST http://localhost:62672/session/9f84cee4eeb3709e5e2af3aedd848bd3/element/f.E280590DFD96D20980497B8FE2C96466.d.D29B5B34B63AAD77B93A7618C7C7B9FD.e.2053/click {}
2026-07-25 15:00:54,730 - DEBUG - http://localhost:62672 "POST /session/9f84cee4eeb3709e5e2af3aedd848bd3/element/f.E280590DFD96D20980497B8FE2C96466.d.D29B5B34B63AAD77B93A7618C7C7B9FD.e.2053/click HTTP/1.1" 200 0
2026-07-25 15:00:54,730 - DEBUG - Remote response: status=200 | data={"value":null} | headers=HTTPHeaderDict({'Content-Length': '14', 'Content-Type': 'application/json; charset=utf-8', 'cache-control': 'no-cache'})
2026-07-25 15:00:54,730 - DEBUG - Finished Request
2026-07-25 15:00:57,674 - DEBUG - GET http://localhost:62672/session/9f84cee4eeb3709e5e2af3aedd848bd3/source {}
2026-07-25 15:00:57,693 - DEBUG - http://localhost:62672 "GET /session/9f84cee4eeb3709e5e2af3aedd848bd3/source HTTP/1.1" 200 0
2026-07-25 15:00:57,709 - DEBUG - Finished Request
2026-07-25 15:00:57,759 - INFO - 49페이지 완료 - 누적 리뷰 수: 490
2026-07-25 15:00:57,759 - DEBUG - POST http://localhost:62672/session/9f84cee4eeb3709e5e2af3aedd848bd3/element {'using': 'xpath', 'value': "//a[@pagenum='50']"}
2026-07-25 15:00:57,775 - DEBUG - http://localhost:62672 "POST /session/9f84cee4eeb3709e5e2af3aedd848bd3/element HTTP/1.1" 200 0
2026-07-25 15:00:57,775 - DEBUG - Remote response: status=200 | data={"value":{"element-6066-11e4-a52e-4f735466cecf":"f.E280590DFD96D20980497B8FE2C96466.d.D29B5B34B63AAD77B93A7618C7C7B9FD.e.2089"}} | headers=HTTPHeaderDict({'Content-Length': '128', 'Content-Type': 'application/json; charset=utf-8', 'cache-control': 'no-cache'})
2026-07-25 15:00:57,775 - DEBUG - Finished Request
2026-07-25 15:00:57,775 - DEBUG - POST http://localhost:62672/session/9f84cee4eeb3709e5e2af3aedd848bd3/element/f.E280590DFD96D20980497B8FE2C96466.d.D29B5B34B63AAD77B93A7618C7C7B9FD.e.2089/click {}
2026-07-25 15:00:57,815 - DEBUG - http://localhost:62672 "POST /session/9f84cee4eeb3709e5e2af3aedd848bd3/element/f.E280590DFD96D20980497B8FE2C96466.d.D29B5B34B63AAD77B93A7618C7C7B9FD.e.2089/click HTTP/1.1" 200 0
2026-07-25 15:00:57,815 - DEBUG - Remote response: status=200 | data={"value":null} | headers=HTTPHeaderDict({'Content-Length': '14', 'Content-Type': 'application/json; charset=utf-8', 'cache-control': 'no-cache'})
2026-07-25 15:00:57,815 - DEBUG - Finished Request
2026-07-25 15:01:01,020 - DEBUG - GET http://localhost:62672/session/9f84cee4eeb3709e5e2af3aedd848bd3/source {}
2026-07-25 15:01:01,035 - DEBUG - http://localhost:62672 "GET /session/9f84cee4eeb3709e5e2af3aedd848bd3/source HTTP/1.1" 200 0
2026-07-25 15:01:01,044 - DEBUG - Finished Request
2026-07-25 15:01:01,111 - INFO - 50페이지 완료 - 누적 리뷰 수: 499
2026-07-25 15:01:01,111 - DEBUG - POST http://localhost:62672/session/9f84cee4eeb3709e5e2af3aedd848bd3/element {'using': 'xpath', 'value': "//a[@pagenum='51']"}
2026-07-25 15:01:01,120 - DEBUG - http://localhost:62672 "POST /session/9f84cee4eeb3709e5e2af3aedd848bd3/element HTTP/1.1" 200 0
2026-07-25 15:01:01,120 - DEBUG - Remote response: status=200 | data={"value":{"element-6066-11e4-a52e-4f735466cecf":"f.E280590DFD96D20980497B8FE2C96466.d.D29B5B34B63AAD77B93A7618C7C7B9FD.e.2123"}} | headers=HTTPHeaderDict({'Content-Length': '128', 'Content-Type': 'application/json; charset=utf-8', 'cache-control': 'no-cache'})
2026-07-25 15:01:01,120 - DEBUG - Finished Request
2026-07-25 15:01:01,120 - DEBUG - POST http://localhost:62672/session/9f84cee4eeb3709e5e2af3aedd848bd3/element/f.E280590DFD96D20980497B8FE2C96466.d.D29B5B34B63AAD77B93A7618C7C7B9FD.e.2123/click {}
2026-07-25 15:01:01,168 - DEBUG - http://localhost:62672 "POST /session/9f84cee4eeb3709e5e2af3aedd848bd3/element/f.E280590DFD96D20980497B8FE2C96466.d.D29B5B34B63AAD77B93A7618C7C7B9FD.e.2123/click HTTP/1.1" 200 0
2026-07-25 15:01:01,168 - DEBUG - Remote response: status=200 | data={"value":null} | headers=HTTPHeaderDict({'Content-Length': '14', 'Content-Type': 'application/json; charset=utf-8', 'cache-control': 'no-cache'})
2026-07-25 15:01:01,168 - DEBUG - Finished Request
2026-07-25 15:01:03,884 - DEBUG - GET http://localhost:62672/session/9f84cee4eeb3709e5e2af3aedd848bd3/source {}
2026-07-25 15:01:03,902 - DEBUG - http://localhost:62672 "GET /session/9f84cee4eeb3709e5e2af3aedd848bd3/source HTTP/1.1" 200 0
2026-07-25 15:01:03,902 - DEBUG - Finished Request
2026-07-25 15:01:03,971 - INFO - 51페이지 완료 - 누적 리뷰 수: 509
2026-07-25 15:01:03,971 - INFO - 목표 리뷰 수(500개) 도달, 수집을 종료합니다.
2026-07-25 15:01:03,971 - INFO - 최종 파싱된 리뷰 수: 509
2026-07-25 15:01:03,971 - DEBUG - DELETE http://localhost:62672/session/9f84cee4eeb3709e5e2af3aedd848bd3 {}
2026-07-25 15:01:04,057 - DEBUG - http://localhost:62672 "DELETE /session/9f84cee4eeb3709e5e2af3aedd848bd3 HTTP/1.1" 200 0
2026-07-25 15:01:04,057 - DEBUG - Remote response: status=200 | data={"value":null} | headers=HTTPHeaderDict({'Content-Length': '14', 'Content-Type': 'application/json; charset=utf-8', 'cache-control': 'no-cache'})
2026-07-25 15:01:04,057 - DEBUG - Finished Request
2026-07-25 15:01:06,301 - INFO - CSV 저장 완료: database\reviews_megabox.csv (총 509개)
